 PcdPeim

 Timestamp is 5ae04a20 (Wed Apr 25 17:28:00 2018)

 Preferred load address is 00000000

 Start         Length     Name                   Class
 0001:00000000 00000178H .data                   CODE
 0001:00000178 00000000H .rdata                  CODE
 0001:00000178 00001029H .text                   CODE

  Address         Publics by Value              Rva+Base       Lib:Object

 0001:00000000       _gEfiCallerIdGuid          00000200     PcdPeim:AutoGen.obj
 0001:00000010       _gPcdDataBaseHobGuid       00000210     PcdPeim:AutoGen.obj
 0001:00000020       _gEfiPeiReadOnlyVariable2PpiGuid 00000220     PcdPeim:AutoGen.obj
 0001:00000030       _gPcdPpiGuid               00000230     PcdPeim:AutoGen.obj
 0001:00000040       _gEfiPeiPcdPpiGuid         00000240     PcdPeim:AutoGen.obj
 0001:00000050       _gGetPcdInfoPpiGuid        00000250     PcdPeim:AutoGen.obj
 0001:00000060       _gEfiGetPcdInfoPpiGuid     00000260     PcdPeim:AutoGen.obj
 0001:00000070       _mPcdPpiInstance           00000270     PcdPeim:Pcd.obj
 0001:000000ec       _mGetPcdInfoInstance       000002ec     PcdPeim:Pcd.obj
 0001:000000f8       _mEfiPcdPpiInstance        000002f8     PcdPeim:Pcd.obj
 0001:00000140       _mEfiGetPcdInfoInstance    00000340     PcdPeim:Pcd.obj
 0001:00000148       _mPpiList                  00000348     PcdPeim:Pcd.obj
 0001:00000160       _mPpiList2                 00000360     PcdPeim:Pcd.obj
 0001:00000178       __ModuleEntryPoint         00000378 f   PeimEntryPoint:PeimEntryPoint.obj
 0001:000001b2       _PeiGetPcdInfoGetInfo      000003b2 f   PcdPeim:Pcd.obj
 0001:000001c5       _PeiGetPcdInfoGetInfoEx    000003c5 f   PcdPeim:Pcd.obj
 0001:000001da       _PeiGetPcdInfoGetSku       000003da f   PcdPeim:Pcd.obj
 0001:000001e4       _PeiPcdSetSku              000003e4 f   PcdPeim:Pcd.obj
 0001:000001f1       _PeiPcdGet16               000003f1 f   PcdPeim:Pcd.obj
 0001:00000202       _PeiPcdGet32               00000402 f   PcdPeim:Pcd.obj
 0001:00000212       _PeiPcdGet64               00000412 f   PcdPeim:Pcd.obj
 0001:00000227       _PeiPcdGetPtr              00000427 f   PcdPeim:Pcd.obj
 0001:00000235       _PeiPcdGet8                00000435 f   PcdPeim:Pcd.obj
 0001:00000235       _PeiPcdGetBool             00000435 f   PcdPeim:Pcd.obj
 0001:00000245       _PeiPcdGetSize             00000445 f   PcdPeim:Pcd.obj
 0001:00000271       _PeiPcdGet8Ex              00000471 f   PcdPeim:Pcd.obj
 0001:00000271       _PeiPcdGetBoolEx           00000471 f   PcdPeim:Pcd.obj
 0001:00000286       _PeiPcdGet16Ex             00000486 f   PcdPeim:Pcd.obj
 0001:0000029c       _PeiPcdGet32Ex             0000049c f   PcdPeim:Pcd.obj
 0001:000002b1       _PeiPcdGet64Ex             000004b1 f   PcdPeim:Pcd.obj
 0001:000002cb       _PeiPcdGetPtrEx            000004cb f   PcdPeim:Pcd.obj
 0001:000002de       _PeiPcdGetSizeEx           000004de f   PcdPeim:Pcd.obj
 0001:000002f5       _PeiPcdSet8                000004f5 f   PcdPeim:Pcd.obj
 0001:000002f5       _PeiPcdSetBool             000004f5 f   PcdPeim:Pcd.obj
 0001:00000316       _PeiPcdSet16               00000516 f   PcdPeim:Pcd.obj
 0001:00000337       _PeiPcdSet32               00000537 f   PcdPeim:Pcd.obj
 0001:00000358       _PeiPcdSet64               00000558 f   PcdPeim:Pcd.obj
 0001:00000379       _PeiPcdSetPtr              00000579 f   PcdPeim:Pcd.obj
 0001:00000390       _PeiPcdSet16Ex             00000590 f   PcdPeim:Pcd.obj
 0001:000003a8       _PeiPcdSet32Ex             000005a8 f   PcdPeim:Pcd.obj
 0001:000003c0       _PeiPcdSet64Ex             000005c0 f   PcdPeim:Pcd.obj
 0001:000003d8       _PeiPcdSetPtrEx            000005d8 f   PcdPeim:Pcd.obj
 0001:000003f5       _PeiPcdSetBoolEx           000005f5 f   PcdPeim:Pcd.obj
 0001:000003f5       _PeiPcdSet8Ex              000005f5 f   PcdPeim:Pcd.obj
 0001:0000040d       _PeiRegisterCallBackOnSet  0000060d f   PcdPeim:Pcd.obj
 0001:00000431       _PcdUnRegisterCallBackOnSet 00000631 f   PcdPeim:Pcd.obj
 0001:00000455       _PeiPcdGetNextToken        00000655 f   PcdPeim:Pcd.obj
 0001:0000052e       _PeiPcdGetNextTokenSpace   0000072e f   PcdPeim:Pcd.obj
 0001:0000061e       _GetPtrTypeSize            0000081e f   PcdPeim:Pcd.obj
 0001:000006a8       _SetPtrTypeSize            000008a8 f   PcdPeim:Pcd.obj
 0001:00000748       _GetLocalTokenNumber       00000948 f   PcdPeim:Service.obj
 0001:00000792       _GetPcdType                00000992 f   PcdPeim:Service.obj
 0001:000007e4       _GetPcdName                000009e4 f   PcdPeim:Service.obj
 0001:00000869       _ExGetPcdInfo              00000a69 f   PcdPeim:Service.obj
 0001:0000091a       _PeiGetPcdInfo             00000b1a f   PcdPeim:Service.obj
 0001:00000998       _PeiRegisterCallBackWorker 00000b98 f   PcdPeim:Service.obj
 0001:00000a14       _BuildPcdDatabase          00000c14 f   PcdPeim:Service.obj
 0001:00000a84       _GetHiiVariable            00000c84 f   PcdPeim:Service.obj
 0001:00000b0a       _GetSkuEnabledTokenNumber  00000d0a f   PcdPeim:Service.obj
 0001:00000ba7       _InvokeCallbackOnSet       00000da7 f   PcdPeim:Service.obj
 0001:00000bf8       _SetWorker                 00000df8 f   PcdPeim:Service.obj
 0001:00000d35       _ExSetValueWorker          00000f35 f   PcdPeim:Service.obj
 0001:00000d52       _ExSetWorker               00000f52 f   PcdPeim:Service.obj
 0001:00000d94       _ExGetWorker               00000f94 f   PcdPeim:Service.obj
 0001:00000db0       _GetWorker                 00000fb0 f   PcdPeim:Service.obj
 0001:00000eae       _GetExPcdTokenNumber       000010ae f   PcdPeim:Service.obj
 0001:00000f08       _GetPcdDatabase            00001108 f   PcdPeim:Service.obj
 0001:00000f17       _GetSizeTableIndex         00001117 f   PcdPeim:Service.obj
 0001:00000f5d       _AllocatePool              0000115d f   PeiMemoryAllocationLib:MemoryAllocationLib.obj
 0001:00000f83       _AllocateZeroPool          00001183 f   PeiMemoryAllocationLib:MemoryAllocationLib.obj
 0001:00000f9e       _AllocateCopyPool          0000119e f   PeiMemoryAllocationLib:MemoryAllocationLib.obj
 0001:00000fbc       _AsciiStrCat               000011bc f   BaseLib:String.obj
 0001:00000fe5       _GetHobList                000011e5 f   PeiHobLib:HobLib.obj
 0001:00000fff       _GetNextHob                000011ff f   PeiHobLib:HobLib.obj
 0001:0000102c       _GetFirstGuidHob           0000122c f   PeiHobLib:HobLib.obj
 0001:00001062       _InternalPeiCreateHob      00001262 f   PeiHobLib:HobLib.obj
 0001:0000108a       _BuildGuidHob              0000128a f   PeiHobLib:HobLib.obj
 0001:000010b4       _CompareGuid               000012b4 f   BaseMemoryLibRepStr:MemLibGuid.obj
 0001:000010d8       _ScanGuid                  000012d8 f   BaseMemoryLibRepStr:MemLibGuid.obj
 0001:0000110f       _CopyMem                   0000130f f   BaseMemoryLibRepStr:CopyMemWrapper.obj
 0001:0000112e       _GetPeiServicesTablePointer 0000132e f   PeiServicesTablePointerLibIdt:PeiServicesTablePointer.obj
 0001:00001148       _InternalMemCopyMem        00001348 f   BaseMemoryLibRepStr:CopyMem.obj
 0001:00001184       _InternalMemZeroMem        00001384 f   BaseMemoryLibRepStr:ZeroMem.obj

 entry point at        0001:00000178

 Static symbols

