 CpuPei

 Timestamp is 5ae04a5c (Wed Apr 25 17:29:00 2018)

 Preferred load address is 00000000

 Start         Length     Name                   Class
 0001:00000000 00000100H .data                   CODE
 0001:00000100 00000000H .rdata                  CODE
 0001:00000100 00000c11H .text                   CODE
 0001:00000d14 00000004H .bss                    CODE

  Address         Publics by Value              Rva+Base       Lib:Object

 0001:00000000       _gEfiHtBistHobGuid         00000220     CpuPei:AutoGen.obj
 0001:00000010       _gEfiPeiMasterBootModePpiGuid 00000230     CpuPei:AutoGen.obj
 0001:00000020       _gEfiSecPlatformInformationPpiGuid 00000240     CpuPei:AutoGen.obj
 0001:00000030       _gPeiCachePpiGuid          00000250     CpuPei:AutoGen.obj
 0001:00000040       _mSecPlatformInformationPpi 00000260     CpuPei:Bist.obj
 0001:00000044       _mPeiSecPlatformInformationPpi 00000264     CpuPei:Bist.obj
 0001:00000050       _mCachePpi                 00000270     CpuPei:CachePeim.obj
 0001:00000058       _mFixedMtrrTable           00000278     CpuPei:CachePeim.obj
 0001:000000e8       _mPpiList                  00000308     CpuPei:CpuPeim.obj
 0001:00000100       __ModuleEntryPoint         00000320 f   PeimEntryPoint:PeimEntryPoint.obj
 0001:00000139       _EfiDisableCacheMtrr       00000359 f   CpuPei:CachePeim.obj
 0001:00000174       _EfiRecoverCacheMtrr       00000394 f   CpuPei:CachePeim.obj
 0001:000001b2       _EfiProgramMtrr            000003d2 f   CpuPei:CachePeim.obj
 0001:00000221       _PeiPower2MaxMemory        00000441 f   CpuPei:CachePeim.obj
 0001:00000268       _PeiProgramUnalignedMtrr   00000488 f   CpuPei:CachePeim.obj
 0001:00000339       _PeiProgramLowMemoryMtrr   00000559 f   CpuPei:CachePeim.obj
 0001:000003fe       _PeiSetCacheAttributes     0000061e f   CpuPei:CachePeim.obj
 0001:000007f1       _PeiResetCacheAttributes   00000a11 f   CpuPei:CachePeim.obj
 0001:000008d0       _SearchForExactMtrr        00000af0 f   CpuPei:CachePeim.obj
 0001:00000986       _SecPlatformInformation    00000ba6 f   CpuPei:Bist.obj
 0001:00000a10       _BuildBistHob              00000c30 f   CpuPei:Bist.obj
 0001:00000af7       _GetPowerOfTwo64           00000d17 f   BaseLib:GetPowerOfTwo64.obj
 0001:00000b36       _RShiftU64                 00000d56 f   BaseLib:RShiftU64.obj
 0001:00000b59       _LShiftU64                 00000d79 f   BaseLib:LShiftU64.obj
 0001:00000b74       _HighBitSet32              00000d94 f   BaseLib:HighBitSet32.obj
 0001:00000b89       _CopyMem                   00000da9 f   BaseMemoryLibRepStr:CopyMemWrapper.obj
 0001:00000ba8       _CopyGuid                  00000dc8 f   BaseMemoryLibRepStr:MemLibGuid.obj
 0001:00000bcc       _CompareGuid               00000dec f   BaseMemoryLibRepStr:MemLibGuid.obj
 0001:00000bfd       _GetHobList                00000e1d f   PeiHobLib:HobLib.obj
 0001:00000c17       _GetNextHob                00000e37 f   PeiHobLib:HobLib.obj
 0001:00000c44       _InternalPeiCreateHob      00000e64 f   PeiHobLib:HobLib.obj
 0001:00000c6c       _GetPeiServicesTablePointer 00000e8c f   PeiServicesTablePointerLibIdt:PeiServicesTablePointer.obj
 0001:00000c90       _InitXmm                   00000eb0 f   CpuPei:Cpu.obj
 0001:00000cb4       _CacheInvd                 00000ed4 f   CpuPei:Cpu.obj
 0001:00000cb8       _InternalMemZeroMem        00000ed8 f   BaseMemoryLibRepStr:ZeroMem.obj
 0001:00000cd8       _InternalMemCopyMem        00000ef8 f   BaseMemoryLibRepStr:CopyMem.obj
 0001:00000d14       _LocalPcdPciExpressBaseAddress 00000f34     BasePciExpressLib:PciExpressLib.obj

 entry point at        0001:00000100

 Static symbols

