 PeiSelStatusCode

 Timestamp is 5ae04ad5 (Wed Apr 25 17:31:01 2018)

 Preferred load address is 00000000

 Start         Length     Name                   Class
 0001:00000000 00000300H .data                   CODE
 0001:00000300 00000018H .rdata                  CODE
 0001:00000318 000003c1H .text                   CODE

  Address         Publics by Value              Rva+Base       Lib:Object

 0001:00000000       _gEfiServerMgmtSetupVariableGuid 00000200     PeiSelStatusCode:AutoGen.obj
 0001:00000010       _gEfiPeiReadOnlyVariable2PpiGuid 00000210     PeiSelStatusCode:AutoGen.obj
 0001:00000020       _gEfiPeiMemoryDiscoveredPpiGuid 00000220     PeiSelStatusCode:AutoGen.obj
 0001:00000030       _gEfiPeiIpmiTransportPpiGuid 00000230     PeiSelStatusCode:AutoGen.obj
 0001:00000040       _gEfiPeiRscHandlerPpiGuid  00000240     PeiSelStatusCode:AutoGen.obj
 0001:00000050       _gEfiPeiSelPpiGuid         00000250     PeiSelStatusCode:AutoGen.obj
 0001:00000060       _EfiStatusCodeToSelTable   00000260     PeiSelStatusCode:PeiSelStatusCode.obj
 0001:00000300       ??_C@_1BI@LKCPJJPH@?$AAS?$AAe?$AAr?$AAv?$AAe?$AAr?$AAS?$AAe?$AAt?$AAu?$AAp?$AA?$AA@ 00000500     PeiSelStatusCode:PeiSelStatusCode.obj
 0001:00000318       __ModuleEntryPoint         00000518 f   PeimEntryPoint:PeimEntryPoint.obj
 0001:00000324       _UpdatedPeiSelPpi          00000524 f   PeiSelStatusCode:PeiSelStatusCode.obj
 0001:00000387       _ConvertEfiStatusCodeToSelEntry 00000587 f   PeiSelStatusCode:PeiSelStatusCode.obj
 0001:000003bb       _PeiSelStatusCodeReportWorker 000005bb f   PeiSelStatusCode:PeiSelStatusCode.obj
 0001:00000425       _FillSelRecord             00000625 f   PeiSelStatusCode:PeiSelStatusCode.obj
 0001:00000484       _EfiSelReportStatusCode    00000684 f   PeiSelStatusCode:PeiSelStatusCode.obj
 0001:00000512       _InitializePeiSel          00000712 f   PeiSelStatusCode:PeiSelStatusCode.obj
 0001:00000620       _AllocatePool              00000820 f   PeiMemoryAllocationLib:MemoryAllocationLib.obj
 0001:00000645       _AllocateZeroPool          00000845 f   PeiMemoryAllocationLib:MemoryAllocationLib.obj
 0001:00000656       _ZeroMem                   00000856 f   BaseMemoryLibRepStr:ZeroMemWrapper.obj
 0001:00000664       _GetPeiServicesTablePointer 00000864 f   PeiServicesTablePointerLibIdt:PeiServicesTablePointer.obj
 0001:00000680       _InternalMemCopyMem        00000880 f   BaseMemoryLibRepStr:CopyMem.obj
 0001:000006bc       _InternalMemZeroMem        000008bc f   BaseMemoryLibRepStr:ZeroMem.obj

 entry point at        0001:00000318

 Static symbols

