 UncoreInitPeim

 Timestamp is 5ae04a7f (Wed Apr 25 17:29:35 2018)

 Preferred load address is 00000000

 Start         Length     Name                   Class
 0001:00000000 0001094cH .data                   CODE
 0001:00010950 0001b305H .rdata                  CODE
 0001:0002bc60 000935ffH .text                   CODE
 0001:000bf260 000002acH .bss                    CODE

  Address         Publics by Value              Rva+Base       Lib:Object

 0001:00000000       _gEfiCallerIdGuid          00000220     UncoreInitPeim:AutoGen.obj
 0001:00000010       _gEfiPlatformInfoGuid      00000230     UncoreInitPeim:AutoGen.obj
 0001:00000020       _gEfiSetupVariableGuid     00000240     UncoreInitPeim:AutoGen.obj
 0001:00000030       _gEfiAcpiVariableGuid      00000250     UncoreInitPeim:AutoGen.obj
 0001:00000040       _gEfiMemoryConfigDataGuid  00000260     UncoreInitPeim:AutoGen.obj
 0001:00000050       _gEfiMemoryConfigDataHobGuid 00000270     UncoreInitPeim:AutoGen.obj
 0001:00000060       _gEfiMemoryOverwriteControlDataGuid 00000280     UncoreInitPeim:AutoGen.obj
 0001:00000070       _gPrevBootErrSrcHobGuid    00000290     UncoreInitPeim:AutoGen.obj
 0001:00000080       _gEfiOcDataGuid            000002a0     UncoreInitPeim:AutoGen.obj
 0001:00000090       _gEfiPprVariableGuid       000002b0     UncoreInitPeim:AutoGen.obj
 0001:000000a0       _gEfiMemoryMapGuid         000002c0     UncoreInitPeim:AutoGen.obj
 0001:000000b0       _gEfiSmmPeiSmramMemoryReserveGuid 000002d0     UncoreInitPeim:AutoGen.obj
 0001:000000c0       _gEfiPlatformTxtDeviceMemoryGuid 000002e0     UncoreInitPeim:AutoGen.obj
 0001:000000d0       _gEfiPeiReadOnlyVariable2PpiGuid 000002f0     UncoreInitPeim:AutoGen.obj
 0001:000000e0       _gPeiBaseMemoryTestPpiGuid 00000300     UncoreInitPeim:AutoGen.obj
 0001:000000f0       _gPeiPlatformMemorySizePpiGuid 00000310     UncoreInitPeim:AutoGen.obj
 0001:00000100       _gEfiPeiIpmiTransportPpiGuid 00000320     UncoreInitPeim:AutoGen.obj
 0001:00000110       _gEfiPeiResetPpiGuid       00000330     UncoreInitPeim:AutoGen.obj
 0001:00000120       _gMeUmaPpiGuid             00000340     UncoreInitPeim:AutoGen.obj
 0001:00000130       _gPeiTxtScleanPpiGuid      00000350     UncoreInitPeim:AutoGen.obj
 0001:00000140       _gSsaBiosServicesPpiGuid   00000360     UncoreInitPeim:AutoGen.obj
 0001:00000150       __gPcd_BinaryPatch_PcdDebugPrintErrorLevel 00000370     UncoreInitPeim:AutoGen.obj
 0001:000006c0       _QPIAGENT_LL_Offset        000008e0     MemoryQpiInit:CpuPciAccess.obj
 0001:000006c8       _QPIAGENT_DFX_LINK_Offset  000008e8     MemoryQpiInit:CpuPciAccess.obj
 0001:000006e0       _PCU_FUN1_Offset           00000900     MemoryQpiInit:CpuPciAccess.obj
 0001:000006f0       _UBOX_MISC_Offset          00000910     MemoryQpiInit:CpuPciAccess.obj
 0001:000006f8       _CBOBC_COH_Offset          00000918     MemoryQpiInit:CpuPciAccess.obj
 0001:00000700       _HA_DFX_Offset             00000920     MemoryQpiInit:CpuPciAccess.obj
 0001:00000768       _R2PCIE_CFG_Offset         00000988     MemoryQpiInit:CpuPciAccess.obj
 0001:00000770       _R2PCIE_PMON_Offset        00000990     MemoryQpiInit:CpuPciAccess.obj
 0001:00000778       _MCDDC_CTL_Offset          00000998     MemoryQpiInit:CpuPciAccess.obj
 0001:00000790       _IIO_VTD_Offset            000009b0     MemoryQpiInit:CpuPciAccess.obj
 0001:000007a0       _IIO_PERFMON_Offset        000009c0     MemoryQpiInit:CpuPciAccess.obj
 0001:000007d8       _IIO_DFX_Offset            000009f8     MemoryQpiInit:CpuPciAccess.obj
 0001:00000820       _IIO_DFX_GLOBAL_Offset     00000a40     MemoryQpiInit:CpuPciAccess.obj
 0001:00000e80       _supportedFrequencies      000010a0     MemoryQpiInit:InitMem.obj
 0001:00001028       _DaysOfMonth               00001248     MemoryQpiInit:PmTimer.obj
 0001:00002390       _freqTable                 000025b0     MemoryQpiInit:InitMemChip.obj
 0001:00002a5e       _CallTableMasterSize       00002c7e     MemoryQpiInit:InitMemChip.obj
 0001:00002a5f       _CallTableSlaveSize        00002c7f     MemoryQpiInit:InitMemChip.obj
 0001:00002a60       _CallTableMaster           00002c80     MemoryQpiInit:InitMemChip.obj
 0001:00002fc4       _VddValuesTableSize        000031e4     MemoryQpiInit:InitMemChip.obj
 0001:00002fc8       _CallTableSlave            000031e8     MemoryQpiInit:InitMemChip.obj
 0001:00003450       _VddValuesTable            00003670     MemoryQpiInit:InitMemChip.obj
 0001:000034c8       _ZqWAPattern0              000036e8     MemoryQpiInit:InitMemChip.obj
 0001:00003538       _ZqWAPattern1              00003758     MemoryQpiInit:InitMemChip.obj
 0001:00003730       _odtValueTable             00003950     MemoryQpiInit:MemProjectSpecific.obj
 0001:00003df0       _odtActTable               00004010     MemoryQpiInit:MemProjectSpecific.obj
 0001:00003fd0       _ddr4OdtActTable           000041f0     MemoryQpiInit:MemProjectSpecific.obj
 0001:00004194       _rdOdtTableRegs            000043b4     MemoryQpiInit:MemProjectSpecific.obj
 0001:000041a0       _wrOdtTableRegs            000043c0     MemoryQpiInit:MemProjectSpecific.obj
 0001:000042c0       _signalsToSweep            000044e0     MemoryQpiInit:MemCmdClk.obj
 0001:00004328       _CtlToSweep                00004548     MemoryQpiInit:MemCmdClk.obj
 0001:000043f0       _DDR4CASLatencyTable       00004610     MemoryQpiInit:MemJedec.obj
 0001:00004420       _RegisterBacksideDriveStrength 00004640     MemoryQpiInit:MemJedec.obj
 0001:00004428       _RefreshStaggerLookupTable 00004648     MemoryQpiInit:MemJedec.obj
 0001:00004678       _CtlClkPattern1            00004898     MemoryQpiInit:MemCpgc.obj
 0001:000046d8       _ParityPattern0            000048f8     MemoryQpiInit:MemCpgc.obj
 0001:00004748       _ParityPattern1            00004968     MemoryQpiInit:MemCpgc.obj
 0001:000047a8       _ActivatePattern0          000049c8     MemoryQpiInit:MemCpgc.obj
 0001:00004818       _ActivatePattern1          00004a38     MemoryQpiInit:MemCpgc.obj
 0001:00004878       _PrechargePattern0         00004a98     MemoryQpiInit:MemCpgc.obj
 0001:000048e8       _PrechargePattern1         00004b08     MemoryQpiInit:MemCpgc.obj
 0001:00004948       _DeselectPattern1          00004b68     MemoryQpiInit:MemCpgc.obj
 0001:000049a8       _AddressPattern0           00004bc8     MemoryQpiInit:MemCpgc.obj
 0001:00004a18       _AddressPattern1           00004c38     MemoryQpiInit:MemCpgc.obj
 0001:00004a78       _AdvCmdPattern0            00004c98     MemoryQpiInit:MemCpgc.obj
 0001:00004ae8       _AdvCmdPattern2            00004d08     MemoryQpiInit:MemCpgc.obj
 0001:00004b58       _AdvCmdPattern1            00004d78     MemoryQpiInit:MemCpgc.obj
 0001:00004bb8       _AggAdvCmdPattern0         00004dd8     MemoryQpiInit:MemCpgc.obj
 0001:00004c28       _AggAdvCmdPattern1         00004e48     MemoryQpiInit:MemCpgc.obj
 0001:00004c88       _AggAdvCmdPattern2         00004ea8     MemoryQpiInit:MemCpgc.obj
 0001:00005028       _TempQpiMayanCityAllLanesEparamTable 00005248     MemoryQpiInit:QpiHooks.obj
 0001:0000506c       _TempQpiMayanCityAllLanesEparamTableSize 0000528c     MemoryQpiInit:QpiHooks.obj
 0001:00005318       _tFAWtable                 00005538     MemoryQpiInit:MemSPD.obj
 0001:00005340       _tFAWTableDDR4             00005560     MemoryQpiInit:MemSPD.obj
 0001:0000537c       _tRTPTableDDR4             0000559c     MemoryQpiInit:MemSPD.obj
 0001:00005390       _tWTRLTableDDR4            000055b0     MemoryQpiInit:MemSPD.obj
 0001:000053a4       _tWTRSTableDDR4            000055c4     MemoryQpiInit:MemSPD.obj
 0001:000053b8       _tWRTableDDR4              000055d8     MemoryQpiInit:MemSPD.obj
 0001:000053cc       _lrDimmModuleDelayAdjust   000055ec     MemoryQpiInit:MemSPD.obj
 0001:00005820       _signals                   00005a40     MemoryQpiInit:MemCmdControl.obj
 0001:00005a14       _platformCmdGroup0A0       00005c34     MemoryQpiInit:MemCmdControl.obj
 0001:00005a18       _signalsA0                 00005c38     MemoryQpiInit:MemCmdControl.obj
 0001:00005c0c       _platformCmdGroup1A0       00005e2c     MemoryQpiInit:MemCmdControl.obj
 0001:00005c10       _platformCmdGroup2A0       00005e30     MemoryQpiInit:MemCmdControl.obj
 0001:00005c14       _platformCmdGroupAllA0     00005e34     MemoryQpiInit:MemCmdControl.obj
 0001:00005c20       _platformCmdGroup0         00005e40     MemoryQpiInit:MemCmdControl.obj
 0001:00005c28       _platformCmdGroup1         00005e48     MemoryQpiInit:MemCmdControl.obj
 0001:00005c30       _platformCmdGroup2         00005e50     MemoryQpiInit:MemCmdControl.obj
 0001:00005c38       _platformCmdGroupAll       00005e58     MemoryQpiInit:MemCmdControl.obj
 0001:00005c50       _platformCmdGroupAll3DS    00005e70     MemoryQpiInit:MemCmdControl.obj
 0001:00005c58       _platformCtlGroup0         00005e78     MemoryQpiInit:MemCmdControl.obj
 0001:00005c60       _platformCtlGroup1         00005e80     MemoryQpiInit:MemCmdControl.obj
 0001:00005c68       _platformCtlGroup2         00005e88     MemoryQpiInit:MemCmdControl.obj
 0001:00005c74       _platformCtlGroup3         00005e94     MemoryQpiInit:MemCmdControl.obj
 0001:00005c7c       _platformCtlGroup4         00005e9c     MemoryQpiInit:MemCmdControl.obj
 0001:00005c88       _platformCtlGroupAll       00005ea8     MemoryQpiInit:MemCmdControl.obj
 0001:00005cb8       _platformCmdCtlGroupAll    00005ed8     MemoryQpiInit:MemCmdControl.obj
 0001:00006250       _BCW2x                     00006470     MemoryQpiInit:MemDdr4Lrdimm.obj
 0001:00006264       _BCW3x                     00006484     MemoryQpiInit:MemDdr4Lrdimm.obj
 0001:00006278       _BCWAx                     00006498     MemoryQpiInit:MemDdr4Lrdimm.obj
 0001:0000628c       _BCWBx                     000064ac     MemoryQpiInit:MemDdr4Lrdimm.obj
 0001:000062a0       _BC4X5X                    000064c0     MemoryQpiInit:MemDdr4Lrdimm.obj
 0001:000062c4       _BC8X9X                    000064e4     MemoryQpiInit:MemDdr4Lrdimm.obj
 0001:00006508       _BssaVarGuid               00006728     MemoryQpiInit:MrcSsaServices.obj
 0001:00006518       _BssaResultsGuid           00006738     MemoryQpiInit:MrcSsaServices.obj
 0001:00006528       _SsaBiosServicesConst      00006748     MemoryQpiInit:MrcSsaServices.obj
 0001:00006544       _SsaMemoryDdrtConfigConst  00006764     MemoryQpiInit:MrcSsaServices.obj
 0001:00006560       _SsaCommonConfigConst      00006780     MemoryQpiInit:MrcSsaServices.obj
 0001:000065b8       _SsaResultsConfigConst     000067d8     MemoryQpiInit:MrcSsaServices.obj
 0001:00006600       _SsaMemoryConfigConst      00006820     MemoryQpiInit:MrcSsaServices.obj
 0001:00006668       _SsaMemoryServerConfigConst 00006888     MemoryQpiInit:MrcSsaServices.obj
 0001:000068f0       _ddr4OdtValueTable         00006b10     MemoryQpiInit:MemODT.obj
 0001:000070b8       _QpiAztecCityAllLanesEparamTable_HSX_B0 000072d8     MemoryQpiInit:QpiPlatformEparam.obj
 0001:000070fc       _QpiAztecCityAllLanesEparamTableSize_HSX_B0 0000731c     MemoryQpiInit:QpiPlatformEparam.obj
 0001:00007100       _QpiAztecCityAllLanesEparamTable_BDX_A0 00007320     MemoryQpiInit:QpiPlatformEparam.obj
 0001:00007144       _QpiAztecCityAllLanesEparamTableSize_BDX_A0 00007364     MemoryQpiInit:QpiPlatformEparam.obj
 0001:00007148       _QpiAztecCity96GPerLaneEparamTable_BDX_A0 00007368     MemoryQpiInit:QpiPlatformEparam.obj
 0001:0000730c       _QpiAztecCity96GPerLaneEparamTableSize_BDX_A0 0000752c     MemoryQpiInit:QpiPlatformEparam.obj
 0001:00007310       _QpiAztecCityAllLanesEparamTable_BDX_B0 00007530     MemoryQpiInit:QpiPlatformEparam.obj
 0001:00007354       _QpiAztecCityAllLanesEparamTableSize_BDX_B0 00007574     MemoryQpiInit:QpiPlatformEparam.obj
 0001:00007358       _QpiIncaCityAllLanesEparamTable_HSX_B0 00007578     MemoryQpiInit:QpiPlatformEparam.obj
 0001:000073e0       _QpiIncaCityAllLanesEparamTableSize_HSX_B0 00007600     MemoryQpiInit:QpiPlatformEparam.obj
 0001:000073e4       _QpiIncaCityAllLanesEparamTableSize_BDX_B0 00007604     MemoryQpiInit:QpiPlatformEparam.obj
 0001:000073e8       _QpiIncaCityAllLanesEparamTable_BDX_B0 00007608     MemoryQpiInit:QpiPlatformEparam.obj
 0001:00007470       _QpiMayanCityAllLanesEparamTable_HSX_A0 00007690     MemoryQpiInit:QpiPlatformEparam.obj
 0001:000074b4       _QpiMayanCityAllLanesEparamTableSize_HSX_A0 000076d4     MemoryQpiInit:QpiPlatformEparam.obj
 0001:000074b8       _QpiMayanCityAllLanesEparamTable_HSX_B0 000076d8     MemoryQpiInit:QpiPlatformEparam.obj
 0001:000074fc       _QpiMayanCityAllLanesEparamTableSize_HSX_B0 0000771c     MemoryQpiInit:QpiPlatformEparam.obj
 0001:00007500       _QpiMayanCityAllLanesEparamTable_BDX_A0 00007720     MemoryQpiInit:QpiPlatformEparam.obj
 0001:00007544       _QpiMayanCityAllLanesEparamTableSize_BDX_A0 00007764     MemoryQpiInit:QpiPlatformEparam.obj
 0001:00007548       _QpiMayanCityAllLanesEparamTable_BDX_B0 00007768     MemoryQpiInit:QpiPlatformEparam.obj
 0001:0000758c       _QpiMayanCityAllLanesEparamTableSize_BDX_B0 000077ac     MemoryQpiInit:QpiPlatformEparam.obj
 0001:00007590       _QpiMayanCity96GPerLaneEparamTable_BDX_A0 000077b0     MemoryQpiInit:QpiPlatformEparam.obj
 0001:00007754       _QpiMayanCity96GPerLaneEparamTableSize_BDX_A0 00007974     MemoryQpiInit:QpiPlatformEparam.obj
 0001:00007758       _QpiGrantleySRPAllLanesEparamTable_HSX 00007978     MemoryQpiInit:QpiPlatformEparam.obj
 0001:000077e0       _QpiGrantleySRPAllLanesEparamTableSize_HSX 00007a00     MemoryQpiInit:QpiPlatformEparam.obj
 0001:000077e4       _QpiGrantleySRP96GPerLaneEparamTableSize_HSX 00007a04     MemoryQpiInit:QpiPlatformEparam.obj
 0001:000077e8       _QpiGrantleySRP96GPerLaneEparamTable_HSX 00007a08     MemoryQpiInit:QpiPlatformEparam.obj
 0001:00007b70       _QpiGrantleySRPAllLanesEparamTable_BDX 00007d90     MemoryQpiInit:QpiPlatformEparam.obj
 0001:00007bf8       _QpiGrantleySRPAllLanesEparamTableSize_BDX 00007e18     MemoryQpiInit:QpiPlatformEparam.obj
 0001:00007bfc       _QpiGrantleySRP96GPerLaneEparamTableSize_BDX 00007e1c     MemoryQpiInit:QpiPlatformEparam.obj
 0001:00007c00       _QpiGrantleySRP96GPerLaneEparamTable_BDX 00007e20     MemoryQpiInit:QpiPlatformEparam.obj
 0001:00007f88       _QpiGrantley4SAllLanesHalfSpeedEparamTable_HSX 000081a8     MemoryQpiInit:QpiPlatformEparam.obj
 0001:00007fc8       _QpiGrantley4SAllLanesHalfSpeedEparamTableSize_HSX 000081e8     MemoryQpiInit:QpiPlatformEparam.obj
 0001:00007fcc       _QpiGrantley4SAllLanesHalfSpeedEparamTableSize_BDX 000081ec     MemoryQpiInit:QpiPlatformEparam.obj
 0001:00007fd0       _QpiGrantley4SAllLanesHalfSpeedEparamTable_BDX 000081f0     MemoryQpiInit:QpiPlatformEparam.obj
 0001:000080e0       _CreditTableHsx            00008300     MemoryQpiInit:QpiCoh.obj
 0001:00008180       _CreditTableBdx            000083a0     MemoryQpiInit:QpiCoh.obj
 0001:00008aa0       _QpiEvHdrTable_HSX         00008cc0     MemoryQpiInit:QpiEvAutoRecipe.obj
 0001:00008af0       _QpiEvRecipeTable_HSX      00008d10     MemoryQpiInit:QpiEvAutoRecipe.obj
 0001:000094b0       _QpiEvHdrTable_BDX         000096d0     MemoryQpiInit:QpiEvAutoRecipe.obj
 0001:00009500       _QpiEvRecipeTable_BDX      00009720     MemoryQpiInit:QpiEvAutoRecipe.obj
 0001:0000a238       __fltused                  0000a458     AmiMrcIntrinsicLib:MemoryIntrinsics.obj
 0001:0000b0e4       _gEfiAutoMmioIOVariableGuid 0000b304     OemMemoryQpiInitLib:OemMemoryQpiInit.obj
 0001:0000b0f4       _gEfiAfterMrcGuid          0000b314     OemMemoryQpiInitLib:OemMemoryQpiInit.obj
 0001:0000b104       _gEfiAfterQpircGuid        0000b324     OemMemoryQpiInitLib:OemMemoryQpiInit.obj
 0001:0000bfec       _gEfiMemoryMapDataHobBdatGuid 0000c20c     OemMemoryQpiInitLib:EdkMemoryQpiInit.obj
 0001:0000bffc       _gEfiRmtDataHobBdatGuid    0000c21c     OemMemoryQpiInitLib:EdkMemoryQpiInit.obj
 0001:0000c00c       _mPcieInfoDxe              0000c22c     OemMemoryQpiInitLib:EdkMemoryQpiInit.obj
 0001:0000c0e0       _PfatSupportedPlatforms    0000c300     PfatInitLib:PfatInit.obj
 0001:0000cef0       _Gen3CTLEpInfo             0000d110     IioInitHooksLib:OemIioInit.obj
 0001:0000cf40       _Gen3CTLEpInfo_BX          0000d160     IioInitHooksLib:OemIioInit.obj
 0001:0000cf90       _Gen2CTLEpInfo             0000d1b0     IioInitHooksLib:OemIioInit.obj
 0001:0000cfe0       _Gen1CTLEpInfo             0000d200     IioInitHooksLib:OemIioInit.obj
 0001:0000d0d8       _IioUniphyRecipeVer        0000d2f8     IioEarlyInitLib:IioUniphy.obj
 0001:0000d128       _IioUniphyRecipe           0000d348     IioEarlyInitLib:IioUniphy.obj
 0001:000102c0       _CdrPpmBifurcationMap      000104e0     IioEarlyInitLib:IioWorkAround.obj
 0001:00010360       _LbcStartLane              00010580     IioEarlyInitLib:IioWorkAround.obj
 0001:00010458       _Gen3OverrideTxEqParamTable 00010678     IioEarlyInitLib:IioGen3.obj
 0001:00010794       _Gen3OverrideLinkParamTable 000109b4     IioEarlyInitLib:IioGen3.obj
 0001:000107cc       _Gen3EqModeStr             000109ec     IioEarlyInitLib:IioGen3.obj
 0001:000108b0       _PcieIou2Status            00010ad0     IioEarlyInitLib:IioEarlyInitialize.obj
 0001:000108b4       _PcieIou0Or1Status         00010ad4     IioEarlyInitLib:IioEarlyInitialize.obj
 0001:000108c8       _PCIEportmap               00010ae8     IioEarlyInitLib:IioEarlyInitialize.obj
 0001:00010950       __gPcd_FixedAtBuild_PcdPciExpressBaseAddress 00010b70     UncoreInitPeim:AutoGen.obj
 0001:00010958       __gPcd_FixedAtBuild_PcdReportStatusCodePropertyMask 00010b78     UncoreInitPeim:AutoGen.obj
 0001:0001095c       __gPcd_FixedAtBuild_PcdPchAcpiIoPortBaseAddress 00010b7c     UncoreInitPeim:AutoGen.obj
 0001:00010960       ??_C@_0BJ@LFGOGGDA@?5PeimMemoryQpiInit?5END?5?6?$AA@ 00010b80     UncoreInitPeim:UncoreInit.obj
 0001:0001097c       ??_C@_0BC@NKDILFHK@SBSP?5socket?5?$DN?5?$CFd?6?$AA@ 00010b9c     MemoryQpiInit:MemoryQpiInit.obj
 0001:00010990       ??_C@_0BK@CFIHGKJK@?6?6RC_ASSERT?$CB?5?$CFs?3?5?$CFu?5?5?5?$CFs?5?$AA@ 00010bb0     MemoryQpiInit:MemoryQpiInit.obj
 0001:000109b0       ??_C@_0FE@HCBOAHHO@c?3?21218_alibaba?2GrantleySocketPk@ 00010bd0     MemoryQpiInit:MemoryQpiInit.obj
 0001:00010a04       ??_C@_05MAJJAKPI@FALSE?$AA@ 00010c24     MemoryQpiInit:MemoryQpiInit.obj
 0001:00010a0c       ??_C@_0CG@KKALPIIG@MSR?$CI0x300?$CJ?5returns?5incorrect?5dat@ 00010c2c     MemoryQpiInit:MemoryQpiInit.obj
 0001:00010a34       ??_C@_0P@BGEJGCLA@?6Revision?3?5?$CFx?6?$AA@ 00010c54     MemoryQpiInit:MemoryQpiInit.obj
 0001:00010a44       ??_C@_08INAJGLOD@hardware?$AA@ 00010c64     MemoryQpiInit:MemoryQpiInit.obj
 0001:00010a50       ??_C@_07KMLPDNHF@SoftSDV?$AA@ 00010c70     MemoryQpiInit:MemoryQpiInit.obj
 0001:00010a58       ??_C@_0BB@NJNKEJEO@Virtual?5Platform?$AA@ 00010c78     MemoryQpiInit:MemoryQpiInit.obj
 0001:00010a6c       ??_C@_06DGFKNJAA@Simics?$AA@ 00010c8c     MemoryQpiInit:MemoryQpiInit.obj
 0001:00010a74       ??_C@_0O@KEABNAGF@RTL?5Simulator?$AA@ 00010c94     MemoryQpiInit:MemoryQpiInit.obj
 0001:00010a84       ??_C@_0M@PEAFNEFE@Running?5on?5?$AA@ 00010ca4     MemoryQpiInit:MemoryQpiInit.obj
 0001:00010a90       ??_C@_0CG@PIMKGDCA@memFlows?5?$DN?50x?$CFx?0?5memFlowsExt?5?$DN?50@ 00010cb0     MemoryQpiInit:MemoryQpiInit.obj
 0001:00010ab8       ??_C@_0DA@ECCLAMNG@?6Unsupported?5CPU?5family?5?$CFx?5and?1o@ 00010cd8     MemoryQpiInit:MemoryQpiInit.obj
 0001:00010ae8       ??_C@_0CJ@IOOIFIBL@?6?5Warning?3?5Newer?5CPU?5Stepping?5?$CF2@ 00010d08     MemoryQpiInit:MemoryQpiInit.obj
 0001:00010b14       ??_C@_0BK@DHNADKDA@?6?5CPU?5Stepping?5?$CF2d?6?5Found?$AA@ 00010d34     MemoryQpiInit:MemoryQpiInit.obj
 0001:00010b30       ??_C@_0P@KJDCPGFK@BIOS?5done?5set?6?$AA@ 00010d50     MemoryQpiInit:MemoryQpiInit.obj
 0001:00010b40       ??_C@_0BG@LCDEFEAB@Issue?5WARM?5RESET?$CB?6?6?6?6?$AA@ 00010d60     MemoryQpiInit:MemoryQpiInit.obj
 0001:00010b58       ??_C@_0BM@GGGIELFL@Issue?5POWER?5GOOD?5RESET?$CB?6?6?6?6?$AA@ 00010d78     MemoryQpiInit:MemoryQpiInit.obj
 0001:00010b74       ??_C@_0CA@PGKKCBPO@?6Prepare?5for?5POWER?5GOOD?5RESET?4?6?$AA@ 00010d94     MemoryQpiInit:MemoryQpiInit.obj
 0001:00010b94       ??_C@_02PHMGELLB@?6?6?$AA@ 00010db4     MemoryQpiInit:MemoryQpiInit.obj
 0001:00010b98       ??_C@_0L@GJPFFEFH@?5Rank?5?$DN?5?$CFd?$AA@ 00010db8     MemoryQpiInit:MemoryQpiInit.obj
 0001:00010ba4       ??_C@_0L@KBPIOMFA@?5DIMM?5?$DN?5?$CFd?$AA@ 00010dc4     MemoryQpiInit:MemoryQpiInit.obj
 0001:00010bb0       ??_C@_0O@BCMJEKKH@?5Channel?5?$DN?5?$CFd?$AA@ 00010dd0     MemoryQpiInit:MemoryQpiInit.obj
 0001:00010bc0       ??_C@_0M@KJBBNFOI@Socket?5?$DN?5?$CFd?$AA@ 00010de0     MemoryQpiInit:MemoryQpiInit.obj
 0001:00010bd0       ??_C@_0EH@EPLJGJKP@Entry?5?$CFd?3?5Warning?5Code?5?$DN?50x?$CFX?0?5M@ 00010df0     MemoryQpiInit:MemoryQpiInit.obj
 0001:00010c18       ??_C@_0DA@OKACBFPI@?5?5?5?5?5?$CK?$CK?5MailBox?5Wait?5for?55?5sec?5f@ 00010e38     MemoryQpiInit:MemoryQpiInit.obj
 0001:00010c48       ??_C@_0EB@FLDNGDOO@?5?5?5?$CK?$CK?5?5Read?5return?5code?5from?5VCU@ 00010e68     MemoryQpiInit:MemoryQpiInit.obj
 0001:00010c90       ??_C@_0EG@PCJNODNP@?5?5?5?$CK?$CK?5?5Read?5return?5code?5from?5VCU@ 00010eb0     MemoryQpiInit:MemoryQpiInit.obj
 0001:00010cd8       ??_C@_0DB@PMJCDCOM@?5?5?5?$CK?$CK?5?5Write?50x?$CFx?5to?5VCU_MAILBOX@ 00010ef8     MemoryQpiInit:MemoryQpiInit.obj
 0001:00010d0c       ??_C@_0CM@PAGPLNCG@?5?5?5?$CK?$CK?5?5Write?50x?$CFx?5to?5VCU_MAILBOX@ 00010f2c     MemoryQpiInit:MemoryQpiInit.obj
 0001:00010d38       ??_C@_0DA@LDOKAMLE@?5?5?5?5?5?$CK?$CK?5WriteBios2VcuMailboxComm@ 00010f58     MemoryQpiInit:MemoryQpiInit.obj
 0001:00010d68       ??_C@_0CL@DKLLLAHH@None?5?6Continue?5with?5system?5BIOS?5@ 00010f88     MemoryQpiInit:MemoryQpiInit.obj
 0001:00010d94       ??_C@_0CC@CEEFPFGK@Checking?5for?5Reset?5Requests?5?4?4?4?5@ 00010fb4     MemoryQpiInit:MemoryQpiInit.obj
 0001:00010db8       ??_C@_0CK@DIJKDIBH@Pipe?5Exit?5completed?$CB?5Reset?5Reque@ 00010fd8     MemoryQpiInit:MemoryQpiInit.obj
 0001:00010de4       ??_C@_0BG@PADOKOFH@Pipe?5Exit?5starting?4?4?4?$AA@ 00011004     MemoryQpiInit:MemoryQpiInit.obj
 0001:00010dfc       ??_C@_0BF@OJPFGKEN@Reset?5Requested?3?5?$CFx?6?$AA@ 0001101c     MemoryQpiInit:MemoryQpiInit.obj
 0001:00010e14       ??_C@_0P@DHECCHFN@START_MRC_RUN?6?$AA@ 00011034     MemoryQpiInit:MemoryQpiInit.obj
 0001:00010e24       ??_C@_0DJ@JCNMBHDN@CPU?5Feature?5Early?5Config?5complet@ 00011044     MemoryQpiInit:MemoryQpiInit.obj
 0001:00010e60       ??_C@_0CF@KEOEKPJM@CPU?5Feature?5Early?5Config?5startin@ 00011080     MemoryQpiInit:MemoryQpiInit.obj
 0001:00010e88       ??_C@_0CK@KCOOFGHG@Pipe?5Init?5completed?$CB?5Reset?5Reque@ 000110a8     MemoryQpiInit:MemoryQpiInit.obj
 0001:00010eb4       ??_C@_0BG@NAJAJBHM@Pipe?5Init?5starting?4?4?4?$AA@ 000110d4     MemoryQpiInit:MemoryQpiInit.obj
 0001:00010ecc       ??_C@_0CJ@BINEMGCK@QPI?5Init?5completed?$CB?5Reset?5Reques@ 000110ec     MemoryQpiInit:MemoryQpiInit.obj
 0001:00010ef8       ??_C@_0BF@HPGLIEKL@QPI?5Init?5starting?4?4?4?$AA@ 00011118     MemoryQpiInit:MemoryQpiInit.obj
 0001:00010f10       ??_C@_0BO@BLODHJIN@Legacy?5Serial?5Debug?5Enabled?6?6?$AA@ 00011130     MemoryQpiInit:MemoryQpiInit.obj
 0001:00010f30       ??_C@_0BL@EMNMMOBM@USB?5Serial?5Debug?5Enabled?6?6?$AA@ 00011150     MemoryQpiInit:MemoryQpiInit.obj
 0001:00010f4c       ??_C@_0CN@NEIPEAID@host?5?$DN?5?$CF08X?5?5?$CIpointer?5to?5sysHost@ 0001116c     MemoryQpiInit:MemoryQpiInit.obj
 0001:00010f7c       ??_C@_0BE@CKACPEGF@?6RC?5Version?3?5?$CF08X?5?6?$AA@ 0001119c     MemoryQpiInit:MemoryQpiInit.obj
 0001:00010f90       ??_C@_0BH@HKIHEMOK@?6MRC?5Sync?5Number?3?5?$CFd?5?6?$AA@ 000111b0     MemoryQpiInit:MemoryQpiInit.obj
 0001:00010fa8       ??_C@_0BH@BCCNJMHD@?6CCMRC?5Version?3?5?$CF08X?5?6?$AA@ 000111c8     MemoryQpiInit:MemoryQpiInit.obj
 0001:00010fc0       ??_C@_0BJ@MNLGILNL@?6IVT?5processor?5detected?6?$AA@ 000111e0     MemoryQpiInit:MemoryQpiInit.obj
 0001:00010fdc       ??_C@_0BO@MNDDJJNF@?6BDX?5?$CI?$CFs?$CJ?5processor?5detected?6?$AA@ 000111fc     MemoryQpiInit:MemoryQpiInit.obj
 0001:00010ffc       ??_C@_0BO@LKLGMMLM@?6HSX?5?$CI?$CFs?$CJ?5processor?5detected?6?$AA@ 0001121c     MemoryQpiInit:MemoryQpiInit.obj
 0001:0001101c       ??_C@_03BMHBNBL@1HA?$AA@   0001123c     MemoryQpiInit:MemoryQpiInit.obj
 0001:00011020       ??_C@_03BDHCLCPF@2HA?$AA@  00011240     MemoryQpiInit:MemoryQpiInit.obj
 0001:00011024       ??_C@_0BK@ODLFJPCH@BIOSSIM?3?5InitUSBDebug?$CI?$CJ?5?6?$AA@ 00011244     MemoryQpiInit:MemoryQpiInit.obj
 0001:00011040       ??_C@_0BG@FABBCEDD@BIOSSIM?3?5InitHeap?$CI?$CJ?5?6?$AA@ 00011260     MemoryQpiInit:MemoryQpiInit.obj
 0001:00011058       ??_C@_0CE@GIBJLDHD@BIOSSIM?3?5InitializePlatformData?$CI@ 00011278     MemoryQpiInit:MemoryQpiInit.obj
 0001:0001107c       ??_C@_0CD@DHPCEDII@BIOSSIM?3?5InitializeDefaultData?$CI?$CJ@ 0001129c     MemoryQpiInit:MemoryQpiInit.obj
 0001:000110a0       ??_C@_0CC@LFHPKJAE@Warning?5upgraded?5to?5Fatal?5Error?$CB@ 000112c0     MemoryQpiInit:Error.obj
 0001:000110c4       ??_C@_07OBHLPFCH@?5Rank?$CFd?$AA@ 000112e4     MemoryQpiInit:Error.obj
 0001:000110cc       ??_C@_07NLCHOLO@?5DIMM?$CFd?$AA@ 000112ec     MemoryQpiInit:Error.obj
 0001:000110d4       ??_C@_05JHEHIMLH@?5Ch?$CFd?$AA@ 000112f4     MemoryQpiInit:Error.obj
 0001:000110dc       ??_C@_03DIBEKKAH@S?$CFd?$AA@ 000112fc     MemoryQpiInit:Error.obj
 0001:000110e0       ??_C@_0FJ@JAKPFLFB@?6A?5warning?5has?5been?5logged?$CB?5Warn@ 00011300     MemoryQpiInit:Error.obj
 0001:00011140       ??_C@_0EK@PBNAONAC@?6A?5Error?5logged?$CB?5Error?5Code?5?$DN?50x@ 00011360     MemoryQpiInit:Error.obj
 0001:0001118c       ??_C@_0BN@PBHHMLGG@?6ERROR?3?5array?5out?5of?5bounds?6?$AA@ 000113ac     MemoryQpiInit:Error.obj
 0001:000111b0       _MT9ASF51272_SPD           000113d0     MemoryQpiInit:CommonHooks.obj
 0001:000113b0       ??_C@_0CK@LFHKPOPB@Composite?5High?5?$DN?5?$CFd?5?9?5Composite?5@ 000115d0     MemoryQpiInit:MemTraining.obj
 0001:000113dc       ??_C@_0BG@JIEBMKKG@High?5?$DN?5?$CFd?5?9?5Low?5?$DN?5?$CFd?6?$AA@ 000115fc     MemoryQpiInit:MemTraining.obj
 0001:000113f4       ??_C@_0BJ@JKHCGPOO@?6ERROR?5?9?5Invalid?5group?6?5?$AA@ 00011614     MemoryQpiInit:MemTraining.obj
 0001:00011410       ??_C@_0O@MOLMJEBP@?6New?5Settings?$AA@ 00011630     MemoryQpiInit:MemTraining.obj
 0001:00011420       ??_C@_0CI@BGCHOJIA@Unable?5to?5find?5the?5RxVref?5for?5th@ 00011640     MemoryQpiInit:MemTraining.obj
 0001:00011448       ??_C@_0CI@OABKOMEG@Unable?5to?5find?5the?5TxVref?5for?5th@ 00011668     MemoryQpiInit:MemTraining.obj
 0001:00011470       ??_C@_0EI@GBLINLAN@Eye?5width?5?$CF2d?5detected?$CB?$CB?5Setting@ 00011690     MemoryQpiInit:MemTraining.obj
 0001:000114b8       ??_C@_0DF@FJDIDMOA@Checking?5for?5eye?5widths?$CB?$CB?5Curren@ 000116d8     MemoryQpiInit:MemTraining.obj
 0001:000114f0       ??_C@_0ED@NDGHFDBF@Cycling?5through?5ranks?5to?5check?5e@ 00011710     MemoryQpiInit:MemTraining.obj
 0001:00011534       ??_C@_01EEMJAFIK@?6?$AA@   00011754     MemoryQpiInit:MemTraining.obj
 0001:00011538       ??_C@_0BE@LKDCMPJA@?6Previous?5Settings?5?$AA@ 00011758     MemoryQpiInit:MemTraining.obj
 0001:0001154c       ??_C@_0BH@LMBFEJLI@?5?$CF3d?5?5?5?5?5?$CF3d?5?5?5?5?5?5?$CF3d?6?$AA@ 0001176c     MemoryQpiInit:MemTraining.obj
 0001:00011564       ??_C@_0CF@IPKNPLKD@?5?5?5?5?5?5?5?5?5?5?5?5?5?5?5?5?5vLo?5?5?5vHi?5?5?5off@ 00011784     MemoryQpiInit:MemTraining.obj
 0001:0001158c       ??_C@_0BM@BCLIHPGG@STOP_BACKSIDE_RX_DQ_CENTER?6?$AA@ 000117ac     MemoryQpiInit:MemTraining.obj
 0001:000115a8       ??_C@_0BM@OKHKDENA@STOP_BACKSIDE_TX_DQ_CENTER?6?$AA@ 000117c8     MemoryQpiInit:MemTraining.obj
 0001:000115c4       ??_C@_0BO@HJFMFIKC@STOP_BACKSIDE_TX_VREF_CENTER?6?$AA@ 000117e4     MemoryQpiInit:MemTraining.obj
 0001:000115e4       ??_C@_0BO@CKMNDBEG@STOP_BACKSIDE_RX_VREF_CENTER?6?$AA@ 00011804     MemoryQpiInit:MemTraining.obj
 0001:00011604       ??_C@_0M@EFNMMJFP@?5?$CF3d?5?3?5?$CF3d?6?$AA@ 00011824     MemoryQpiInit:MemTraining.obj
 0001:00011610       ??_C@_0BN@FABCDBGD@START_BACKSIDE_RX_DQ_CENTER?6?$AA@ 00011830     MemoryQpiInit:MemTraining.obj
 0001:00011630       ??_C@_0BN@KINAHKNF@START_BACKSIDE_TX_DQ_CENTER?6?$AA@ 00011850     MemoryQpiInit:MemTraining.obj
 0001:00011650       ??_C@_0BP@JFEPICNK@START_BACKSIDE_TX_VREF_CENTER?6?$AA@ 00011870     MemoryQpiInit:MemTraining.obj
 0001:00011670       ??_C@_0BP@MGNOOLDO@START_BACKSIDE_RX_VREF_CENTER?6?$AA@ 00011890     MemoryQpiInit:MemTraining.obj
 0001:00011690       ??_C@_0CF@FKCNEKEJ@Starting?5LRDIMM?5backside?5Trainin@ 000118b0     MemoryQpiInit:MemTraining.obj
 0001:000116b8       ??_C@_0DK@BNPNHAAH@margin?5?$DN?5?$CFd?0?5vIndex?5?$DN?5?$CFd?0?5Runnin@ 000118d8     MemoryQpiInit:MemTraining.obj
 0001:000116f4       ??_C@_0CI@FHIDNGIA@margin?5?$DN?5?$CFd?0?5vIndex?5?$DN?5?$CFd?0?5maxVre@ 00011914     MemoryQpiInit:MemTraining.obj
 0001:0001171c       ??_C@_0CI@BJKLONEF@group?5?$CFd?5not?5supported?5in?5GetMul@ 0001193c     MemoryQpiInit:MemTraining.obj
 0001:00011744       ??_C@_0BA@MKJPLFLE@EFP?5status?3?5?$CFd?6?$AA@ 00011964     MemoryQpiInit:MemTraining.obj
 0001:00011754       ??_C@_0M@DBILAFLH@EFP?5NO?5ECC?6?$AA@ 00011974     MemoryQpiInit:MemTraining.obj
 0001:00011760       ??_C@_0P@EFAFJAGG@EFP?5LOCKSTEP?5?6?$AA@ 00011980     MemoryQpiInit:MemTraining.obj
 0001:00011770       ??_C@_0BN@BMLFBIDG@EFP?5ODT?5based?5eval?5expected?6?$AA@ 00011990     MemoryQpiInit:MemTraining.obj
 0001:00011790       ??_C@_0BI@DADMCMIH@EFP?52?5strobes?5failing?5?6?$AA@ 000119b0     MemoryQpiInit:MemTraining.obj
 0001:000117a8       ??_C@_0BF@JHNKDLIP@STOP_DATA_TX_DQ_ADV?6?$AA@ 000119c8     MemoryQpiInit:MemTraining.obj
 0001:000117c0       ??_C@_0BH@FONGGMEN@STOP_DATA_RX_DQSN_ADV?6?$AA@ 000119e0     MemoryQpiInit:MemTraining.obj
 0001:000117d8       ??_C@_0BH@GJDHILNO@STOP_DATA_RX_DQSP_ADV?6?$AA@ 000119f8     MemoryQpiInit:MemTraining.obj
 0001:000117f0       ??_C@_0BG@MBGIMHMP@STOP_DATA_RX_DQS_ADV?6?$AA@ 00011a10     MemoryQpiInit:MemTraining.obj
 0001:00011808       ??_C@_09JHCMBGBI@?6Diff?3?5?5?5?$AA@ 00011a28     MemoryQpiInit:MemTraining.obj
 0001:00011814       ??_C@_09GJCKKJDP@?6New?5Pi?3?5?$AA@ 00011a34     MemoryQpiInit:MemTraining.obj
 0001:00011820       ??_C@_08OJEHLPCE@Prev?5Pi?3?$AA@ 00011a40     MemoryQpiInit:MemTraining.obj
 0001:0001182c       ??_C@_09MOMBGPE@?6Right?3?5?5?$AA@ 00011a4c     MemoryQpiInit:MemTraining.obj
 0001:00011838       ??_C@_08CHOEOOMO@Left?3?5?5?5?$AA@ 00011a58     MemoryQpiInit:MemTraining.obj
 0001:00011844       ??_C@_0BB@EIMAGMM@Vref?5offset?3?5?$CFd?6?$AA@ 00011a64     MemoryQpiInit:MemTraining.obj
 0001:00011858       ??_C@_04EIEMINIA@?5?$CF3d?$AA@ 00011a78     MemoryQpiInit:MemTraining.obj
 0001:00011860       ??_C@_08GGFKNFHG@?5?5?5?5?5?5?5?5?$AA@ 00011a80     MemoryQpiInit:MemTraining.obj
 0001:0001186c       ??_C@_0N@KBKLIFAP@Results?5for?5?$AA@ 00011a8c     MemoryQpiInit:MemTraining.obj
 0001:0001187c       ??_C@_0BH@JIDNHAFC@Truncated?3?5?$CF2d?5?9?$DO?5?$CF2d?6?$AA@ 00011a9c     MemoryQpiInit:MemTraining.obj
 0001:00011894       ??_C@_0BG@KJFMAKHD@START_DATA_TX_DQ_ADV?6?$AA@ 00011ab4     MemoryQpiInit:MemTraining.obj
 0001:000118ac       ??_C@_0BI@LHABPMEA@START_DATA_RX_DQSN_ADV?6?$AA@ 00011acc     MemoryQpiInit:MemTraining.obj
 0001:000118c4       ??_C@_0BI@IAOABLND@START_DATA_RX_DQSP_ADV?6?$AA@ 00011ae4     MemoryQpiInit:MemTraining.obj
 0001:000118dc       ??_C@_0BH@HFFNPPMJ@START_DATA_RX_DQS_ADV?6?$AA@ 00011afc     MemoryQpiInit:MemTraining.obj
 0001:000118f8       ??_C@_0EB@PPAHIBJA@GetMultiVref?3?5patternLength?5?$DN?5?$CFd@ 00011b18     MemoryQpiInit:MemTraining.obj
 0001:0001193c       ??_C@_0BB@POOCDCKN@Voltage?5Limited?6?$AA@ 00011b5c     MemoryQpiInit:MemTraining.obj
 0001:00011950       ??_C@_0BA@PJPDIAAA@Timing?5Limited?6?$AA@ 00011b70     MemoryQpiInit:MemTraining.obj
 0001:00011960       ??_C@_0CE@LPEHICAF@Max?5offset?5from?5timing?5center?3?5?$CF@ 00011b80     MemoryQpiInit:MemTraining.obj
 0001:00011984       ??_C@_0CE@LBEHJHEG@vrefRatio?3?5?$CF5d?0?5vrefRatioSpec?3?5?$CF@ 00011ba4     MemoryQpiInit:MemTraining.obj
 0001:000119a8       ??_C@_0BC@LGEACOGH@denominator?3?5?$CF9d?6?$AA@ 00011bc8     MemoryQpiInit:MemTraining.obj
 0001:000119bc       ??_C@_0BA@OGANPFHE@numerator?3?5?$CF9d?6?$AA@ 00011bdc     MemoryQpiInit:MemTraining.obj
 0001:000119cc       ??_C@_0BB@IGHPHGJF@Eye?5height?5?$DN?5?$CFd?6?$AA@ 00011bec     MemoryQpiInit:MemTraining.obj
 0001:000119e0       ??_C@_0BF@ECICLBKN@New?5Eye?5height?5?$DN?5?$CFd?6?$AA@ 00011c00     MemoryQpiInit:MemTraining.obj
 0001:000119f8       ??_C@_0BA@PIIKNGHG@Get?5eye?5height?6?$AA@ 00011c18     MemoryQpiInit:MemTraining.obj
 0001:00011a08       ??_C@_0BA@BFAOGDLO@Eye?5width?5?$DN?5?$CFd?6?$AA@ 00011c28     MemoryQpiInit:MemTraining.obj
 0001:00011a18       ??_C@_0N@KCKNNLPL@Offset?5?$DN?5?$CFd?6?$AA@ 00011c38     MemoryQpiInit:MemTraining.obj
 0001:00011a28       ??_C@_0BE@JPJKONKM@Low?3?5?$CF3d?5High?3?5?$CF3d?6?$AA@ 00011c48     MemoryQpiInit:MemTraining.obj
 0001:00011a3c       ??_C@_0P@OFHJLCCH@Get?5eye?5width?6?$AA@ 00011c5c     MemoryQpiInit:MemTraining.obj
 0001:00011a4c       ??_C@_0BF@GDOHCFCM@STOP_PER_BIT_DESKEW?6?$AA@ 00011c6c     MemoryQpiInit:MemTraining.obj
 0001:00011a64       ??_C@_02KNHHEEKP@?5?5?$AA@ 00011c84     MemoryQpiInit:MemTraining.obj
 0001:00011a68       ??_C@_04IDILIIH@?$CF3d?5?$AA@ 00011c88     MemoryQpiInit:MemTraining.obj
 0001:00011a70       ??_C@_04LAIENPOC@?$CF2d?5?$AA@ 00011c90     MemoryQpiInit:MemTraining.obj
 0001:00011a78       ??_C@_0CL@GKLJEGIA@N?$CD?5BC0?9BC1?9BC2?9BC3?5?5?5BS0?9BS1?9BS2@ 00011c98     MemoryQpiInit:MemTraining.obj
 0001:00011aa4       ??_C@_0CG@DOKCIJPO@N?$CD?5BC0?9BC1?9BC2?9BC3?5?5?5BS0?9BS1?9BS2@ 00011cc4     MemoryQpiInit:MemTraining.obj
 0001:00011ad0       ??_C@_0EI@KOAJPCAJ@N?$CD?5?$DN?5Nibble?0?5BCx?5?$DN?5Bit?5Center?0?5B@ 00011cf0     MemoryQpiInit:MemTraining.obj
 0001:00011b18       ??_C@_0DD@NLCHOLAK@?5?5?5?5?5?5?5?5?5Per?5Bit?5Margin?5Center?5?5@ 00011d38     MemoryQpiInit:MemTraining.obj
 0001:00011b4c       ??_C@_0BG@DOKIKEFG@dimm?5?$DN?5?$CFd?0?5rank?5?$DN?5?$CFd?6?$AA@ 00011d6c     MemoryQpiInit:MemTraining.obj
 0001:00011b64       ??_C@_0BJ@OEBLLCIK@Calculating?5Bit?5Centers?6?$AA@ 00011d84     MemoryQpiInit:MemTraining.obj
 0001:00011b80       ??_C@_0BD@NEBKIJLH@PatternLength?3?5?$CFd?6?$AA@ 00011da0     MemoryQpiInit:MemTraining.obj
 0001:00011b94       ??_C@_0BD@CELMEKP@Per?5Bit?5Deskew?5Tx?6?$AA@ 00011db4     MemoryQpiInit:MemTraining.obj
 0001:00011ba8       ??_C@_0BD@CHCAJLHD@Per?5Bit?5Deskew?5Rx?6?$AA@ 00011dc8     MemoryQpiInit:MemTraining.obj
 0001:00011bbc       ??_C@_0BF@CMKLEAMD@Per?5Bit?5Deskew?5Rx?5N?6?$AA@ 00011ddc     MemoryQpiInit:MemTraining.obj
 0001:00011bd4       ??_C@_0BF@DKBDMOLJ@Per?5Bit?5Deskew?5Rx?5P?6?$AA@ 00011df4     MemoryQpiInit:MemTraining.obj
 0001:00011bec       ??_C@_0BG@FNGBBENA@START_PER_BIT_DESKEW?6?$AA@ 00011e0c     MemoryQpiInit:MemTraining.obj
 0001:00011c04       ??_C@_0BL@GJKKMEC@PER_BIT_DESKEW?5?9?5Disabled?6?$AA@ 00011e24     MemoryQpiInit:MemTraining.obj
 0001:00011c20       ??_C@_0BK@PNOCBDKH@?5?5?$CF2d?5?5?5?5?5?5?$CF2d?5?5?5?5?5?5?5?$CF2d?6?$AA@ 00011e40     MemoryQpiInit:MemTraining.obj
 0001:00011c3c       ??_C@_0CG@BFDJJGND@?5?5?5?5?5?5?5?5?5?5?5?5vrefLo?5?5vrefHi?5?5?5?5of@ 00011e5c     MemoryQpiInit:MemTraining.obj
 0001:00011c64       ??_C@_0BF@ELHKAKFB@STOP_TX_VREF_CENTER?6?$AA@ 00011e84     MemoryQpiInit:MemTraining.obj
 0001:00011c7c       ??_C@_0BF@BIOLGDLF@STOP_RX_VREF_CENTER?6?$AA@ 00011e9c     MemoryQpiInit:MemTraining.obj
 0001:00011c94       ??_C@_0CE@MBFEDLCO@?5?$CF3d?5?3?5?$CF3d?0?5?5?$CF3d?5?3?5?$CF3d?0?5?5?$CF3d?5?3?5?$CF@ 00011eb4     MemoryQpiInit:MemTraining.obj
 0001:00011cb8       ??_C@_0CL@LAEIENIO@vref?5Margins?5?5?5?5?5?5?9?5?5?5?5?5?5?5?5?5?50?5?5@ 00011ed8     MemoryQpiInit:MemTraining.obj
 0001:00011ce4       ??_C@_0BG@HFPMDLKN@START_TX_VREF_CENTER?6?$AA@ 00011f04     MemoryQpiInit:MemTraining.obj
 0001:00011cfc       ??_C@_0BG@CGGNFCEJ@START_RX_VREF_CENTER?6?$AA@ 00011f1c     MemoryQpiInit:MemTraining.obj
 0001:00011d14       ??_C@_0CF@FFBPFOBJ@Get?5vref?5margins?5at?53?5timing?5poi@ 00011f34     MemoryQpiInit:MemTraining.obj
 0001:00011d3c       ??_C@_0BG@JPGCGIKO@?5?5?5?5?5?$CF3d?5?5?5?$CF3d?5?5?5?$CF3d?6?$AA@ 00011f5c     MemoryQpiInit:MemTraining.obj
 0001:00011d54       ??_C@_0BL@GALKNJAJ@tOffset?5?5?5?5?5?50?5?5?5?5?51?5?5?5?52?6?$AA@ 00011f74     MemoryQpiInit:MemTraining.obj
 0001:00011d70       ??_C@_0BI@JMMNOIHF@Timing?5offsets?5to?5test?6?$AA@ 00011f90     MemoryQpiInit:MemTraining.obj
 0001:00011d88       ??_C@_0FD@LBEFHCN@c?3?21218_alibaba?2GrantleySocketPk@ 00011fa8     MemoryQpiInit:CpuPciAccess.obj
 0001:00011ddc       ??_C@_0CB@CDAPAIIB@?6Invalid?5IVT?5CPU?5Sub?5type?5?5?$CFd?4?5?6@ 00011ffc     MemoryQpiInit:CpuPciAccess.obj
 0001:00011e00       ??_C@_0CB@NMOHJDOB@?6Invalid?5HSX?5CPU?5Sub?5type?5?5?$CFd?4?5?6@ 00012020     MemoryQpiInit:CpuPciAccess.obj
 0001:00011e24       ??_C@_0BJ@NCEMEECB@?6Invalid?5Cpu?5Type?5?5?$CFd?4?5?6?$AA@ 00012044     MemoryQpiInit:CpuPciAccess.obj
 0001:00011e40       ??_C@_0BJ@NEKLHDDL@?6Invalid?5Socket?5Id?5?$CFd?4?5?6?$AA@ 00012060     MemoryQpiInit:CpuPciAccess.obj
 0001:00011e60       ??_C@_0ED@GOJMJMOJ@?6Invalid?5Device?5?$CFd?5accessed?5for?5@ 00012080     MemoryQpiInit:CpuPciAccess.obj
 0001:00011ea4       ??_C@_0BI@MLOHLPAF@?6Invalid?5Box?5Type?5?$CFd?4?5?6?$AA@ 000120c4     MemoryQpiInit:CpuPciAccess.obj
 0001:00011ebc       ??_C@_0CL@NICHANMB@?6SBO?5reg?5only?5present?5on?5HSX?0?5no@ 000120dc     MemoryQpiInit:CpuPciAccess.obj
 0001:00011ee8       ??_C@_0CL@HDBAKADL@?6VCU?5reg?5only?5present?5on?5HSX?0?5no@ 00012108     MemoryQpiInit:CpuPciAccess.obj
 0001:00011f14       ??_C@_0CE@DOLNNJJE@?6Invalid?5FuncBlk?5for?5BOX_MCIO?5?$CFd@ 00012134     MemoryQpiInit:CpuPciAccess.obj
 0001:00011f38       ??_C@_0CF@HFAGLCLI@?6Invalid?5FuncBlk?5for?5BOX_MCDDC?5?$CF@ 00012158     MemoryQpiInit:CpuPciAccess.obj
 0001:00011f60       ??_C@_0BP@KMGDLIPE@?6Invalid?5HSX?5CPU?5Sub?5type?5?$CFd?4?6?$AA@ 00012180     MemoryQpiInit:CpuPciAccess.obj
 0001:00011f80       ??_C@_0CA@HFEJHOAB@?6Invalid?5HSX?5CPU?5Sub?5type?5?$CFd?4?5?6?$AA@ 000121a0     MemoryQpiInit:CpuPciAccess.obj
 0001:00011fa0       ??_C@_0CA@JCLIGONI@?6Invalid?5IVT?5CPU?5Sub?5type?5?$CFd?4?5?6?$AA@ 000121c0     MemoryQpiInit:CpuPciAccess.obj
 0001:00011fc0       ??_C@_0BD@MKKGFCGE@?6Invalid?5Cpu?5?$CFd?4?5?6?$AA@ 000121e0     MemoryQpiInit:CpuPciAccess.obj
 0001:00011fd4       ??_C@_0CA@MIFEFJNB@?6Invalid?5PCU?5Box?5Instance?5?$CFd?4?5?6?$AA@ 000121f4     MemoryQpiInit:CpuPciAccess.obj
 0001:00011ff4       ??_C@_0CJ@EAIKBMPF@?6Invalid?5IIO?5PCIE?5DMI?5Box?5Instan@ 00012214     MemoryQpiInit:CpuPciAccess.obj
 0001:00012020       ??_C@_0CE@ENMENNBO@?6Invalid?5IIO?5DFX?5Box?5Instance?5?$CFd@ 00012240     MemoryQpiInit:CpuPciAccess.obj
 0001:00012044       ??_C@_0CA@EPCNIDAI@?6Invalid?5IIO?5Box?5Instance?5?$CFd?4?5?6?$AA@ 00012264     MemoryQpiInit:CpuPciAccess.obj
 0001:00012064       ??_C@_0BN@PAHFMJOJ@?6Invalid?5Ubox?5Instance?5?$CFd?4?5?6?$AA@ 00012284     MemoryQpiInit:CpuPciAccess.obj
 0001:00012084       ??_C@_0CD@PNLHIIHC@?6Invalid?5R2PCIe?5Box?5Instance?5?$CFd?4@ 000122a4     MemoryQpiInit:CpuPciAccess.obj
 0001:000120a8       ??_C@_0CC@FNPGKEBP@?6Invalid?5CBOBC?5Box?5Instance?5?$CFd?4?5@ 000122c8     MemoryQpiInit:CpuPciAccess.obj
 0001:000120cc       ??_C@_0CF@CEFGECCC@?6Invalid?5QPIAgent?5Box?5Instance?5?$CF@ 000122ec     MemoryQpiInit:CpuPciAccess.obj
 0001:000120f4       ??_C@_0CC@CMLODBHA@?6Invalid?5R3QPI?5Box?5Instance?5?$CFd?4?5@ 00012314     MemoryQpiInit:CpuPciAccess.obj
 0001:00012118       ??_C@_0BP@POFEJGLI@?6Invalid?5HA?5Box?5Instance?5?$CFd?4?5?6?$AA@ 00012338     MemoryQpiInit:CpuPciAccess.obj
 0001:00012138       ??_C@_0CA@LFPBLNFP@?6Invalid?5CBo?5Box?5Instance?5?$CFd?4?5?6?$AA@ 00012358     MemoryQpiInit:CpuPciAccess.obj
 0001:00012158       ??_C@_0GE@IBMADABB@?6Invalid?5Functional?5Block?5?$CFd?5acc@ 00012378     MemoryQpiInit:CpuPciAccess.obj
 0001:000121c0       ??_C@_0EG@JHEDHIMD@?6Invalid?5Pseudo?5Register?5Table?5f@ 000123e0     MemoryQpiInit:CpuPciAccess.obj
 0001:00012208       ??_C@_0CM@LPPJBLBO@?6Invalid?5Register?5Size?5in?5RegOff@ 00012428     MemoryQpiInit:CpuPciAccess.obj
 0001:00012234       ??_C@_0BO@JFKEBDHH@?6?$DLOdd?5?5?5?5?5?5CPU?$CF1u?5?5?5?5?5?5?5?5?5?$CF1u?$AA@ 00012454     MemoryQpiInit:QpiLib.obj
 0001:00012254       ??_C@_0BO@DOMFOAN@?6?$DLEven?5?5?5?5?5CPU?$CF1u?5?5?5?5?5?5?5?5?5?$CF1u?$AA@ 00012474     MemoryQpiInit:QpiLib.obj
 0001:00012274       ??_C@_0BM@GNMCADNM@?6?$DLCbo?5?5?5?5DestSocket?5?5?5?5Port?$AA@ 00012494     MemoryQpiInit:QpiLib.obj
 0001:00012290       ??_C@_0BG@CMPKNJAD@?6?$DL?5?5?5CPU?$CF1u?5?5?5?5?5?5?5?$CF1u?$AA@ 000124b0     MemoryQpiInit:QpiLib.obj
 0001:000122a8       ??_C@_0BD@OAFMMMIC@?6?$DLDestSocket?5?5Port?$AA@ 000124c8     MemoryQpiInit:QpiLib.obj
 0001:000122bc       ??_C@_0BG@IHJDMCFF@?6?$DL?9?9?9?9?9?9?9?9?9?9?9?9?9?9?9?9?9?9?9?$AA@ 000124dc     MemoryQpiInit:QpiLib.obj
 0001:000122d4       ??_C@_0BK@CGOALDOE@?6?6?6?$DLCPU?5?$CF1u?5Routing?5Table?$AA@ 000124f4     MemoryQpiInit:QpiLib.obj
 0001:000122f0       ??_C@_0BD@KBELFFHK@?3?5LEP?$CFu?$CI?$CFu?3CPU?$CFu?$CJ?5?$AA@ 00012510     MemoryQpiInit:QpiLib.obj
 0001:00012304       ??_C@_08INLDNIFJ@?6?$DLCPU?$CFu?5?$AA@ 00012524     MemoryQpiInit:QpiLib.obj
 0001:00012310       ??_C@_0BK@DMPOGBOO@?6?$DL?9?9?9?9?9?9?9?9?9?9?9?9?9?9?9?9?9?9?9?9?9?9?9?$AA@ 00012530     MemoryQpiInit:QpiLib.obj
 0001:0001232c       ??_C@_0BM@CNLFIAFF@?6?6?6?$DLLink?5Exchange?5Parameter?$AA@ 0001254c     MemoryQpiInit:QpiLib.obj
 0001:00012348       ??_C@_0HB@DFHIKHJF@?6?$DL?5?5CPU?$CFu?5has?5more?5than?5one?5link@ 00012568     MemoryQpiInit:QpiLib.obj
 0001:000123bc       ??_C@_0CF@GKBPOLGC@?6?6?5?$CK?$CK?$CK?$CK?5Warning?5Log?5Overflowed?5?$CK@ 000125dc     MemoryQpiInit:QpiLib.obj
 0001:000123e4       ??_C@_0DG@PAIMIPKK@?6?6LBC?5time?9out?5Socket?$DN?$CFd?0?5Link?$DN?$CF@ 00012604     MemoryQpiInit:QpiLib.obj
 0001:00012420       ??_C@_0EB@BIFGODNN@?6?$DL?5?5Send?5Pcode?5mailbox?5command?4?5@ 00012640     MemoryQpiInit:QpiLib.obj
 0001:00012468       ??_C@_0EB@FPKFEDDM@?6?$DL?5?5Send?5Data?5portion?5of?5command@ 00012688     MemoryQpiInit:QpiLib.obj
 0001:000124ac       ??_C@_0BL@CHKJHKLL@?6?$DL?5?5Wait?5for?5mailbox?5ready?$AA@ 000126cc     MemoryQpiInit:QpiLib.obj
 0001:000124c8       ??_C@_0CI@CJDJDHAK@?6?5CAPID0?$FL5?$FN?5is?5set?4?5SKU?5Detected@ 000126e8     MemoryQpiInit:QpiLib.obj
 0001:000124f0       ??_C@_0FC@GEDMMKJ@?6?5BDX?9DE?5?3?5count?5of?5enabled?5cbos@ 00012710     MemoryQpiInit:QpiLib.obj
 0001:00012544       ??_C@_09CJKLCLMF@?9Disabled?$AA@ 00012764     MemoryQpiInit:QpiLib.obj
 0001:00012550       ??_C@_0EN@GNNIBENG@?6?6?5AP?5Socket?5?$CFu?5is?5discovered?5bu@ 00012770     MemoryQpiInit:QpiLib.obj
 0001:000125a0       ??_C@_0BD@IAOLGMPD@?5?3?5LEP?$CFu?$CI?$CFu?0CPU?$CFu?$CJ?$AA@ 000127c0     MemoryQpiInit:QpiLib.obj
 0001:000125b4       ??_C@_0CC@FJDJLHO@?6?6?5CPU?$CFu?5Link?5?$CFu?5has?5invalid?5LEP@ 000127d4     MemoryQpiInit:QpiLib.obj
 0001:000125d8       ??_C@_0CD@KHHDFBKL@?6?5?5?5ParseCpuLep?$CI?$CJ?5for?5online?5CPU@ 000127f8     MemoryQpiInit:QpiLib.obj
 0001:000125fc       ??_C@_0BF@PMJMNFJP@?6?5?5?5UseQpiPcSts?5?$DN?5?$CFu?$AA@ 0001281c     MemoryQpiInit:QpiLib.obj
 0001:00012614       ??_C@_0BI@IJJDBHBD@?6?5?5?5CPU?$CFu?5Link?5Exchange?$AA@ 00012834     MemoryQpiInit:QpiLib.obj
 0001:00012630       ??_C@_0FJ@NEJCHKLK@?6?5WARNING?3?5?5Requested?5Resource?5c@ 00012850     MemoryQpiInit:QpiLib.obj
 0001:00012690       ??_C@_0FB@EEDPAOJL@?6?5WARNING?3?5?5A?5resource?5is?5not?5re@ 000128b0     MemoryQpiInit:QpiLib.obj
 0001:000126e8       ??_C@_0EF@ICFCHGLE@?6?5?5?5?5CPU?$CFu?5Link?$CFu?5failed?5to?5trai@ 00012908     MemoryQpiInit:QpiLib.obj
 0001:00012730       ??_C@_0CA@KLGKNBNH@?6?5Topology?5Discovery?5Failed?$CB?$CB?$CB?6?$AA@ 00012950     MemoryQpiInit:QpiLib.obj
 0001:00012750       ??_C@_0DI@MBACHAOB@?6?5One?5or?5more?5CPUs?5not?5found?5in?5@ 00012970     MemoryQpiInit:QpiLib.obj
 0001:00012788       ??_C@_0CN@GHLHCJDE@?6?5CPU?$CFu?5not?5found?5in?5CPU?$CFu?5Topol@ 000129a8     MemoryQpiInit:QpiLib.obj
 0001:000127b8       ??_C@_0DH@IDHFGMGF@?6?5Invalid?5Socket?5Type?5found?5in?5C@ 000129d8     MemoryQpiInit:QpiLib.obj
 0001:000127f0       ??_C@_0EN@LBMGHLOF@?6?5CPU?$CFu?5Port?$CFu?5has?5incosistent?5L@ 00012a10     MemoryQpiInit:QpiLib.obj
 0001:00012840       ??_C@_0ED@JDLLIMNM@?6?$DL?5Unsupported?5or?5unknown?5topolo@ 00012a60     MemoryQpiInit:QpiLib.obj
 0001:00012888       ??_C@_0EN@KBKKKOCA@?6?$DL?5Invalidate?5link?5between?5S?$CFuP?$CF@ 00012aa8     MemoryQpiInit:QpiLib.obj
 0001:000128d8       ??_C@_0DK@KIPCMGEA@?6?$DL?5?5Ignoring?5the?5false?5flag?5of?5C@ 00012af8     MemoryQpiInit:QpiLib.obj
 0001:00012918       ??_C@_0EE@JLCKLJJC@?6?5CPU?5?$CFu?5has?5more?5than?5two?5links@ 00012b38     MemoryQpiInit:QpiLib.obj
 0001:0001295c       ??_C@_0BK@JHOIOHHJ@?6?6?5Parent?5Node?5not?5found?4?$AA@ 00012b7c     MemoryQpiInit:QpiLib.obj
 0001:00012978       ??_C@_0DJ@KFFELEMB@MMIOL?3?50x?$CF08X?5?9?50x?$CF08X?5?5MMIOH?3?50@ 00012b98     MemoryQpiInit:QpiLib.obj
 0001:000129b8       ??_C@_0EP@CDMGDILO@?6?$DLCPU?$CFu?5?5?5Bus?3?50x?$CF02X?5?9?50x?$CF02X?5?5@ 00012bd8     MemoryQpiInit:QpiLib.obj
 0001:00012a08       ??_C@_0BL@EGBEBGEA@?6?6?$DLCPU?5Resource?5Allocation?$AA@ 00012c28     MemoryQpiInit:QpiLib.obj
 0001:00012a24       ??_C@_0DK@HNDKJKEE@?6?5Each?5CPU?5must?5be?5allocated?5at?5@ 00012c44     MemoryQpiInit:QpiLib.obj
 0001:00012a60       ??_C@_0CA@LIBEMMCC@?6?5Invalid?5MMCFG?5Size?5Supplied?4?5?$AA@ 00012c80     MemoryQpiInit:QpiLib.obj
 0001:00012a80       ??_C@_0DK@CNIHHLIM@?6?5Each?5CPU?5must?5be?5allocated?5at?5@ 00012ca0     MemoryQpiInit:QpiLib.obj
 0001:00012abc       ??_C@_0DK@BHFOMKLI@?6?5Invalid?5MMCFG?5Base?5Supplied?4?5I@ 00012cdc     MemoryQpiInit:QpiLib.obj
 0001:00012af8       ??_C@_0EH@MDPMEHNO@?6?5WARNING?3?5?5MMIOH?5size?5requested@ 00012d18     MemoryQpiInit:QpiLib.obj
 0001:00012b40       ??_C@_0BD@KMJGANIC@?$CCS?$CFu?5P?$CFu?5VN?$CFu?5RX?$CC?$DL?$AA@ 00012d60     MemoryQpiInit:QpiLib.obj
 0001:00012b54       ??_C@_0BG@NLEFEPNJ@?$CCS?$CFu?5P?$CFu?5VN?$CFu?5?$CFs?$CC?5?9?$DO?5?$AA@ 00012d74     MemoryQpiInit:QpiLib.obj
 0001:00012b6c       ??_C@_02BNOEALGP@RX?$AA@   00012d8c     MemoryQpiInit:QpiLib.obj
 0001:00012b70       ??_C@_02BJGJHHNN@TX?$AA@   00012d90     MemoryQpiInit:QpiLib.obj
 0001:00012b74       ??_C@_02DBJLEMAD@?6?$DL?$AA@ 00012d94     MemoryQpiInit:QpiLib.obj
 0001:00012b78       ??_C@_0EF@GPOOFECI@?6?$DL?5?$CF02u?5?5?5?5?5CPU?$CFu?5?5?5?5?5?5CPU?$CFu?5?5?5?5@ 00012d98     MemoryQpiInit:QpiLib.obj
 0001:00012bc0       ??_C@_0DO@EGNLAJIE@?6?$DL?5?$CF02u?5?5?5?5?5CPU?$CFu?5?5?5?5?5?5?$CFs?5?5?5?5?5?5?5@ 00012de0     MemoryQpiInit:QpiLib.obj
 0001:00012c00       ??_C@_04PFFKBBE@?5?9?9?5?$AA@ 00012e20     MemoryQpiInit:QpiLib.obj
 0001:00012c08       ??_C@_0DM@IEGAJOHC@?6?$DLIndex?5?5Socket?5?5ParentSocket?5?5P@ 00012e28     MemoryQpiInit:QpiLib.obj
 0001:00012c44       ??_C@_0BH@HAJJENOG@?6?6?$DLCPU?$CFu?5Topology?5Tree?$AA@ 00012e64     MemoryQpiInit:QpiLib.obj
 0001:00012c5c       ??_C@_02BAABKJLB@?9?9?$AA@ 00012e7c     MemoryQpiInit:QpiLib.obj
 0001:00012c60       ??_C@_0EP@BFFJHKGE@?6FatalError?3?5SocketId?5?$DN?5?$CFd?5regis@ 00012e80     MemoryQpiInit:ErrorChip.obj
 0001:00012cb0       ??_C@_0FJ@LNKFCJPK@?6FatalError?3?5nonBSP?5?9?5?5SocketId?5@ 00012ed0     MemoryQpiInit:ErrorChip.obj
 0001:00012d10       ??_C@_0FF@BNGAODCP@?6FatalError?3?5BSP?5?9?5SocketId?5?$DN?5?$CFd@ 00012f30     MemoryQpiInit:ErrorChip.obj
 0001:00012d68       ??_C@_0EC@FCGPNOPD@Warning?$CB?5Num?5of?5MC?5BANKS?5with?5UC@ 00012f88     MemoryQpiInit:ErrorChip.obj
 0001:00012dac       ??_C@_0CL@DNALOCDL@PrevBootErrors?5?9?5Valid?5MCA?5UC?5en@ 00012fcc     MemoryQpiInit:ErrorChip.obj
 0001:00012dd8       ??_C@_0DM@CPBGNLGJ@PrevBootErrors?5?9?5CBO?5mcbank?3?5?$CFd?5@ 00012ff8     MemoryQpiInit:ErrorChip.obj
 0001:00012e14       ??_C@_0CG@HFEGGJAI@Invalid?5register?5size?5in?5reg?5?$DN?50@ 00013034     MemoryQpiInit:PciAccess.obj
 0001:00012e40       ??_C@_0FA@HMDEJEBF@c?3?21218_alibaba?2GrantleySocketPk@ 00013060     MemoryQpiInit:PciAccess.obj
 0001:00012e90       ??_C@_0CJ@KPJGHMMG@Attempt?5to?5access?5undefined?5bus?5@ 000130b0     MemoryQpiInit:PciAccess.obj
 0001:00012ebc       ??_C@_0CH@MHJLFDIF@Memory?5behind?5processor?5?$CFd?5runni@ 000130dc     MemoryQpiInit:InitMem.obj
 0001:00012ee4       ??_C@_0BK@HFJBHJDO@Reset?5requested?3?5non?9MRC?6?$AA@ 00013104     MemoryQpiInit:InitMem.obj
 0001:00012f00       ??_C@_0BB@BMPJIACH@ratioIndex?5?$DN?5?$CFd?6?$AA@ 00013120     MemoryQpiInit:InitMem.obj
 0001:00012f14       ??_C@_0O@KHGKJKNN@Test?5Failed?$CB?6?$AA@ 00013134     MemoryQpiInit:InitMem.obj
 0001:00012f24       ??_C@_0BH@IEENAFDJ@Step6?5latency?5?$DN?5?$CFd?5ms?6?$AA@ 00013144     MemoryQpiInit:InitMem.obj
 0001:00012f3c       ??_C@_0BH@CHBLIDJA@Step5?5latency?5?$DN?5?$CFd?5ms?6?$AA@ 0001315c     MemoryQpiInit:InitMem.obj
 0001:00012f54       ??_C@_0BH@PAPJADMI@Step4?5latency?5?$DN?5?$CFd?5ms?6?$AA@ 00013174     MemoryQpiInit:InitMem.obj
 0001:00012f6c       ??_C@_0BH@LKMHIIID@Step3?5latency?5?$DN?5?$CFd?5ms?6?$AA@ 0001318c     MemoryQpiInit:InitMem.obj
 0001:00012f84       ??_C@_0BH@GNCFAINL@Step2?5latency?5?$DN?5?$CFd?5ms?6?$AA@ 000131a4     MemoryQpiInit:InitMem.obj
 0001:00012f9c       ??_C@_0BH@MOHDIOHC@Step1?5latency?5?$DN?5?$CFd?5ms?6?$AA@ 000131bc     MemoryQpiInit:InitMem.obj
 0001:00012fb4       ??_C@_0DG@OADELAPJ@patternQW?$FL0?$FN?5?$DN?50x?$CF08x?$CF08x?0?5inver@ 000131d4     MemoryQpiInit:InitMem.obj
 0001:00012ff0       ??_C@_0EL@JHFCGLJA@c?3?21218_alibaba?2GrantleySocketPk@ 00013210     MemoryQpiInit:InitMem.obj
 0001:0001303c       ??_C@_0BA@KEPJCJKJ@?6MemTestMATS?$CFd?6?$AA@ 0001325c     MemoryQpiInit:InitMem.obj
 0001:0001304c       ??_C@_0BH@MHNCJDPH@Step9?5latency?5?$DN?5?$CFd?5ms?6?$AA@ 0001326c     MemoryQpiInit:InitMem.obj
 0001:00013064       ??_C@_0BH@BADABDKP@Step8?5latency?5?$DN?5?$CFd?5ms?6?$AA@ 00013284     MemoryQpiInit:InitMem.obj
 0001:0001307c       ??_C@_0BH@FDKPIFGB@Step7?5latency?5?$DN?5?$CFd?5ms?6?$AA@ 0001329c     MemoryQpiInit:InitMem.obj
 0001:00013094       ??_C@_0P@OEJCKIGO@?6MemTestMCH?$CFd?6?$AA@ 000132b4     MemoryQpiInit:InitMem.obj
 0001:000130a4       ??_C@_0DG@EICFIGEO@patternQW?$FL0?$FN?5?$DN?50x?$CF08x?$CF08x?0?5patte@ 000132c4     MemoryQpiInit:InitMem.obj
 0001:000130dc       ??_C@_0BA@JNCHPJCB@?6MemTestGNDB?$CFd?6?$AA@ 000132fc     MemoryQpiInit:InitMem.obj
 0001:000130ec       ??_C@_0BC@KJBNMLJD@?6MemTestMARCHM?$CFd?6?$AA@ 0001330c     MemoryQpiInit:InitMem.obj
 0001:00013100       ??_C@_0BO@COOHPNHF@?$FLFXN?9End?$FN?3?5FxnDisMemSel?$CI?$CJ?4?4?4?6?$AA@ 00013320     MemoryQpiInit:InitMem.obj
 0001:00013120       ??_C@_0CC@LBMKJJHC@?$FLFXN?9Entered?$FN?3?5FxnDisMemSel?$CI?$CJ?4?4?4@ 00013340     MemoryQpiInit:InitMem.obj
 0001:00013148       ??_C@_0ED@PBNPDLJA@System?5configured?5for?5Lockstep?5o@ 00013368     MemoryQpiInit:InitMem.obj
 0001:0001318c       ??_C@_0BF@JBFFBMNM@FPT?3?5DisableRank?$CI?$CJ?6?6?$AA@ 000133ac     MemoryQpiInit:InitMem.obj
 0001:000131a4       ??_C@_0BM@DNNHIEII@LRDIMM?5?$CI1?12?5Pop?$CJ?5Skip?5Rank?6?$AA@ 000133c4     MemoryQpiInit:InitMem.obj
 0001:000131c0       ??_C@_0EK@OLKLKDLN@DQ?$FL71?30?$FN?5Error?5on?5falling?5strobe@ 000133e0     MemoryQpiInit:InitMem.obj
 0001:00013210       ??_C@_0EK@BOKLJMKL@DQ?$FL71?30?$FN?5Error?5on?5rising?5strobe?3@ 00013430     MemoryQpiInit:InitMem.obj
 0001:00013260       ??_C@_0FH@BFGCEJIM@Logical?5Rank?5?$DN?5?$CFd?0?5Subrank?5?$DN?5?$CFd?0@ 00013480     MemoryQpiInit:InitMem.obj
 0001:000132b8       ??_C@_0DP@POEMHAJM@Failure?5detected?5?9?5Advance?5Memte@ 000134d8     MemoryQpiInit:InitMem.obj
 0001:000132f8       ??_C@_0P@LDJIJMIG@Memory?5Found?$CB?6?$AA@ 00013518     MemoryQpiInit:InitMem.obj
 0001:00013308       ??_C@_0BC@JPDMPAJD@FPT?5strobe?5?$DN?5?$CFd?$CB?6?$AA@ 00013528     MemoryQpiInit:InitMem.obj
 0001:0001331c       ??_C@_0M@LPHAOFGD@ECC?5?$DN?50x?$CFx?6?$AA@ 0001353c     MemoryQpiInit:InitMem.obj
 0001:00013328       ??_C@_0O@BKPLAKIJ@B4?3B7?5?$DN?50x?$CFx?6?$AA@ 00013548     MemoryQpiInit:InitMem.obj
 0001:00013338       ??_C@_0O@NDKJMAGF@B0?3B3?5?$DN?50x?$CFx?6?$AA@ 00013558     MemoryQpiInit:InitMem.obj
 0001:00013348       ??_C@_0BC@IAJMCNNG@MemTest?5Failure?$CB?6?$AA@ 00013568     MemoryQpiInit:InitMem.obj
 0001:0001335c       ??_C@_0BE@FIJKEADL@FPT?3?5DisableDIMM?$CI?$CJ?6?$AA@ 0001357c     MemoryQpiInit:InitMem.obj
 0001:00013370       ??_C@_0BH@LDMDEMJE@FPT?3?5DisableChannel?$CI?$CJ?6?$AA@ 00013590     MemoryQpiInit:InitMem.obj
 0001:00013388       ??_C@_0FL@FECHGOOG@The?5requested?5memory?5speed?5is?5fa@ 000135a8     MemoryQpiInit:InitMem.obj
 0001:000133e4       ??_C@_0CE@EEFHJFJF@?6?5?5uncore?5ratio?5progammed?5is?3?3?3?5@ 00013604     MemoryQpiInit:CpuInit.obj
 0001:00013408       ??_C@_0CL@ECKIELE@?6?5clipped?5max?5fuse?5?5uncore?5ratio@ 00013628     MemoryQpiInit:CpuInit.obj
 0001:00013434       ??_C@_0CD@FMCEGPPG@?6?5max?5fuse?5?5uncore?5ratio?5is?3?3?3?5?$CF@ 00013654     MemoryQpiInit:CpuInit.obj
 0001:00013458       ??_C@_0CH@EHNDLAEH@?6targetRatio?5out?9of?9range?4?5Forci@ 00013678     MemoryQpiInit:CpuInit.obj
 0001:00013480       ??_C@_0DF@GFIOIHGC@?3?3CPU?5on?5S?$CF2d?5BIST?5errors?5cause?5@ 000136a0     MemoryQpiInit:CpuInit.obj
 0001:000134b8       ??_C@_0CI@BPMHNILJ@?5?5?3?3?5?5S?$CF2d?5BIST?5error?5found?5and?5@ 000136d8     MemoryQpiInit:CpuInit.obj
 0001:000134e0       ??_C@_0BF@FGPAEEEM@BIST?5Results?5?$DN?5?$CF08X?6?$AA@ 00013700     MemoryQpiInit:CpuInit.obj
 0001:000134f8       ??_C@_0CP@KGICJBOA@?3?3VCU?5API?5return?9code?5indicates?5@ 00013718     MemoryQpiInit:CpuInit.obj
 0001:00013528       ??_C@_0CB@ECMCKPHG@Request?5to?5run?5Rank?5Margin?5tool?6@ 00013748     MemoryQpiInit:Checkpoint.obj
 0001:0001354c       ??_C@_0BL@OHIJLANL@Request?5to?5run?5Jedec?5Init?6?$AA@ 0001376c     MemoryQpiInit:Checkpoint.obj
 0001:00013568       ??_C@_0CI@LCNEKMNB@MRC_EVAGENT_CMD_START_AGENT?5rece@ 00013788     MemoryQpiInit:Checkpoint.obj
 0001:00013590       ??_C@_0CO@GKJEMBNI@MRC_EVAGENT_CMD_START_TARGET_ONL@ 000137b0     MemoryQpiInit:Checkpoint.obj
 0001:000135c0       ??_C@_0DH@BMBGCEBG@Checkpoint?$CI?$CJ?5?9?9?5agentCmd?4Bits?4co@ 000137e0     MemoryQpiInit:Checkpoint.obj
 0001:000135f8       ??_C@_0CI@DCJCHFML@Breakpoint?5match?5found?4?5S?$CFd?5wait@ 00013818     MemoryQpiInit:Checkpoint.obj
 0001:00013620       ??_C@_0DE@IIDLNHHG@Checkpoint?5Code?3?5Socket?5?$CFd?0?50x?$CF0@ 00013840     MemoryQpiInit:Checkpoint.obj
 0001:00013654       ??_C@_0BD@ONCAAMJA@Transfer?5complete?6?$AA@ 00013874     MemoryQpiInit:PipeInit.obj
 0001:00013668       ??_C@_0CF@GDCFMJAG@?5host?5structure?5?3?5?$CFx?5?5dword?5num?3@ 00013888     MemoryQpiInit:PipeInit.obj
 0001:00013690       ??_C@_0DD@JLFACMIB@?6Synch?5of?5host?5structure?5to?5Sock@ 000138b0     MemoryQpiInit:PipeInit.obj
 0001:000136c4       ??_C@_0BF@GBJCDPAA@Copy?5host?5structure?6?$AA@ 000138e4     MemoryQpiInit:PipeInit.obj
 0001:000136dc       ??_C@_0BG@OJPCFPPN@Pass?5pointer?5to?5host?6?$AA@ 000138fc     MemoryQpiInit:PipeInit.obj
 0001:000136f4       ??_C@_0CN@MBPDMFIG@?6Socket?5?$CFd?5indicates?5an?5uncorrec@ 00013914     MemoryQpiInit:PipeInit.obj
 0001:00013724       ??_C@_0BH@KLCINNMJ@Pass?5PeiPipeSlaveInit?6?$AA@ 00013944     MemoryQpiInit:PipeInit.obj
 0001:0001373c       ??_C@_0CD@GGEMCEKA@Pass?5PIPE_DISPATCH_SYNCH_PSYSHOS@ 0001395c     MemoryQpiInit:PipeInit.obj
 0001:00013760       ??_C@_0BG@OBLMIKIM@?$FL?$CFx?$FNSocketPresent?5?$CFx?6?$AA@ 00013980     MemoryQpiInit:IioEarlyInit.obj
 0001:00013778       ??_C@_0CE@BNELAMCC@IIO?5Early?5Link?5Training?5Complete@ 00013998     MemoryQpiInit:IioEarlyInit.obj
 0001:0001379c       ??_C@_0CA@GFNBJHAA@Socket?$FL?$CFx?$FN?5is?5socketValid?5?$DN?5?$CFx?6?$AA@ 000139bc     MemoryQpiInit:IioEarlyInit.obj
 0001:000137bc       ??_C@_0CF@FDEFGGJP@IIO?5Early?5Link?5Training?5Starting@ 000139dc     MemoryQpiInit:IioEarlyInit.obj
 0001:000137e4       ??_C@_0CJ@MFHMNDGO@IIO?5Early?5Post?5Link?5Training?5Com@ 00013a04     MemoryQpiInit:IioEarlyInit.obj
 0001:00013810       ??_C@_0N@EBKLMJAB@Socket?5?$DN?5?$CFx?6?$AA@ 00013a30     MemoryQpiInit:IioEarlyInit.obj
 0001:00013820       ??_C@_0CK@CMPHFMPL@IIO?5Early?5Post?5Link?5Training?5Sta@ 00013a40     MemoryQpiInit:IioEarlyInit.obj
 0001:0001384c       ??_C@_07JLNOKKCE@0x?$CF02X?5?$AA@ 00013a6c     MemoryQpiInit:UsbDebugPort.obj
 0001:00013854       ??_C@_05DJJNDFAC@3200?6?$AA@ 00013a74     MemoryQpiInit:MemDisplay.obj
 0001:0001385c       ??_C@_05EDFNGGGC@3000?6?$AA@ 00013a7c     MemoryQpiInit:MemDisplay.obj
 0001:00013864       ??_C@_05JFOCMGAB@2933?6?$AA@ 00013a84     MemoryQpiInit:MemDisplay.obj
 0001:0001386c       ??_C@_05LIHBPOAG@2800?6?$AA@ 00013a8c     MemoryQpiInit:MemDisplay.obj
 0001:00013874       ??_C@_05CHGFAJDO@2667?6?$AA@ 00013a94     MemoryQpiInit:MemDisplay.obj
 0001:0001387c       ??_C@_05HEBEAGH@2600?6?$AA@ 00013a9c     MemoryQpiInit:MemDisplay.obj
 0001:00013884       ??_C@_05HNIBBDAH@2400?6?$AA@ 00013aa4     MemoryQpiInit:MemDisplay.obj
 0001:0001388c       ??_C@_05PCMBOGKH@2200?6?$AA@ 00013aac     MemoryQpiInit:MemDisplay.obj
 0001:00013894       ??_C@_05KFJCINMA@2133?6?$AA@ 00013ab4     MemoryQpiInit:MemDisplay.obj
 0001:0001389c       ??_C@_05IIABLFMH@2000?6?$AA@ 00013abc     MemoryQpiInit:MemDisplay.obj
 0001:000138a4       ??_C@_05BOMBMFPB@1867?6?$AA@ 00013ac4     MemoryQpiInit:MemDisplay.obj
 0001:000138ac       ??_C@_05DOOFIMKI@1800?6?$AA@ 00013acc     MemoryQpiInit:MemDisplay.obj
 0001:000138b4       ??_C@_05IBNFDCMJ@1600?6?$AA@ 00013ad4     MemoryQpiInit:MemDisplay.obj
 0001:000138bc       ??_C@_05PLBFGBKJ@1400?6?$AA@ 00013adc     MemoryQpiInit:MemDisplay.obj
 0001:000138c4       ??_C@_05FJMGKMAO@1333?6?$AA@ 00013ae4     MemoryQpiInit:MemDisplay.obj
 0001:000138cc       ??_C@_05HEFFJEAJ@1200?6?$AA@ 00013aec     MemoryQpiInit:MemDisplay.obj
 0001:000138d4       ??_C@_05COLBIODA@1067?6?$AA@ 00013af4     MemoryQpiInit:MemDisplay.obj
 0001:000138dc       ??_C@_05OJFMHGJ@1000?6?$AA@ 00013afc     MemoryQpiInit:MemDisplay.obj
 0001:000138e4       ??_C@_04IGCDAOBO@800?6?$AA@ 00013b04     MemoryQpiInit:MemDisplay.obj
 0001:000138ec       ??_C@_04MPMKJJDA@DDR?9?$AA@ 00013b0c     MemoryQpiInit:MemDisplay.obj
 0001:000138f4       ??_C@_01JOAMLHOP@?9?$AA@   00013b14     MemoryQpiInit:MemDisplay.obj
 0001:000138f8       ??_C@_01NEMOKFLO@?$DN?$AA@ 00013b18     MemoryQpiInit:MemDisplay.obj
 0001:000138fc       ??_C@_01DNKMNLPK@?$HM?$AA@ 00013b1c     MemoryQpiInit:MemDisplay.obj
 0001:00013900       ??_C@_01CLKCMJKC@?5?$AA@   00013b20     MemoryQpiInit:MemDisplay.obj
 0001:00013904       ??_C@_02LMMGGCAJ@?3?5?$AA@ 00013b24     MemoryQpiInit:MemDisplay.obj
 0001:00013908       ??_C@_05NDNJDCLD@B?$CF02d?$AA@ 00013b28     MemoryQpiInit:MemDisplay.obj
 0001:00013910       ??_C@_05BLFDODIN@S?$CF02d?$AA@ 00013b30     MemoryQpiInit:MemDisplay.obj
 0001:00013918       ??_C@_03IAKIMNGC@R?$CFd?$AA@ 00013b38     MemoryQpiInit:MemDisplay.obj
 0001:0001391c       ??_C@_03PFNKMFCB@D?$CFd?$AA@ 00013b3c     MemoryQpiInit:MemDisplay.obj
 0001:00013920       ??_C@_03GIANPNJI@C?$CFd?$AA@ 00013b40     MemoryQpiInit:MemDisplay.obj
 0001:00013924       ??_C@_01LFCBOECM@?4?$AA@   00013b44     MemoryQpiInit:MemDisplay.obj
 0001:00013928       ??_C@_03JKGHCFEF@N?$CFd?$AA@ 00013b48     MemoryQpiInit:MemDisplay.obj
 0001:0001392c       ??_C@_04BOFAPHKE@?$CF4x?4?$AA@ 00013b4c     MemoryQpiInit:MemDisplay.obj
 0001:00013934       ??_C@_01MIFGBAGJ@?$CL?$AA@ 00013b54     MemoryQpiInit:MemDisplay.obj
 0001:00013938       ??_C@_01IPJKGB@?$CD?$AA@   00013b58     MemoryQpiInit:MemDisplay.obj
 0001:00013940       ??_C@_0EE@MEEKCDBD@?5?5?510987654321098765432109876543@ 00013b60     MemoryQpiInit:MemDisplay.obj
 0001:00013988       ??_C@_0EF@FDHCLODM@?6?5?5?53322222222221111111111?5?5?5?5?5?5@ 00013ba8     MemoryQpiInit:MemDisplay.obj
 0001:000139d0       ??_C@_03IMBBKLGK@?$CF5x?$AA@ 00013bf0     MemoryQpiInit:MemDisplay.obj
 0001:000139d4       ??_C@_09PMCIPAAH@?$CF5x?$CF5x?$CF5x?$AA@ 00013bf4     MemoryQpiInit:MemDisplay.obj
 0001:000139de       ??_C@_00CNPNBAHC@?$AA@     00013bfe     MemoryQpiInit:MemDisplay.obj
 0001:000139e0       ??_C@_06CDNLMLCL@?5?5?$CF2d?5?$AA@ 00013c00     MemoryQpiInit:MemDisplay.obj
 0001:000139e8       ??_C@_0BA@LPLFJPDK@?5?5MR3?5?5MR4?5?5MR5?$AA@ 00013c08     MemoryQpiInit:MemDisplay.obj
 0001:000139f8       ??_C@_0BN@PNAJIENJ@?5?5?5?5?5?5?5?5?5?5?5?5?5?5?5MR0?5?5MR1?5?5MR2?$AA@ 00013c18     MemoryQpiInit:MemDisplay.obj
 0001:00013a18       ??_C@_0BB@EFBBFKAP@?6START_DATA_MRS?6?$AA@ 00013c38     MemoryQpiInit:MemDisplay.obj
 0001:00013a2c       ??_C@_05DJMCLEDP@?5?5?$CF2d?$AA@ 00013c4c     MemoryQpiInit:MemDisplay.obj
 0001:00013a34       ??_C@_0CC@CNBDPLKA@IO?5Latency?5?$DN?5?$CFd?0?5Round?5Trip?5?$DN?5?$CFd@ 00013c54     MemoryQpiInit:MemDisplay.obj
 0001:00013a58       ??_C@_03GKGGPGDH@?$CF5d?$AA@ 00013c78     MemoryQpiInit:MemDisplay.obj
 0001:00013a5c       ??_C@_0P@HAKPJIHD@?5?5?5?5?5?5?5?5?5?5?5?5?5?5?$AA@ 00013c7c     MemoryQpiInit:MemDisplay.obj
 0001:00013a6c       ??_C@_0P@NLODKEDD@TX_DQ_PER_BIT?6?$AA@ 00013c8c     MemoryQpiInit:MemDisplay.obj
 0001:00013a7c       ??_C@_0BC@CAGPJDCA@RX_DQS_N_PER_BIT?6?$AA@ 00013c9c     MemoryQpiInit:MemDisplay.obj
 0001:00013a90       ??_C@_0BC@NMOPHMON@RX_DQS_P_PER_BIT?6?$AA@ 00013cb0     MemoryQpiInit:MemDisplay.obj
 0001:00013aa4       ??_C@_0BA@BAFDDIPG@RX_DQS_PER_BIT?6?$AA@ 00013cc4     MemoryQpiInit:MemDisplay.obj
 0001:00013ab4       ??_C@_05BDJGPNFB@TxEq?6?$AA@ 00013cd4     MemoryQpiInit:MemDisplay.obj
 0001:00013abc       ??_C@_07HHLOEDIK@TxVref?6?$AA@ 00013cdc     MemoryQpiInit:MemDisplay.obj
 0001:00013ac4       ??_C@_06GMHAFMMC@TX_DQ?6?$AA@ 00013ce4     MemoryQpiInit:MemDisplay.obj
 0001:00013acc       ??_C@_07HMKGOBON@WR_LVL?6?$AA@ 00013cec     MemoryQpiInit:MemDisplay.obj
 0001:00013ad4       ??_C@_07IEEDEOGE@REC_EN?6?$AA@ 00013cf4     MemoryQpiInit:MemDisplay.obj
 0001:00013adc       ??_C@_08NOOFLFIB@RX_DQSN?6?$AA@ 00013cfc     MemoryQpiInit:MemDisplay.obj
 0001:00013ae8       ??_C@_08MIFNDLPL@RX_DQSP?6?$AA@ 00013d08     MemoryQpiInit:MemDisplay.obj
 0001:00013af4       ??_C@_0L@CMPIBIPG@RX_DQ_DQS?6?$AA@ 00013d14     MemoryQpiInit:MemDisplay.obj
 0001:00013b00       ??_C@_07LBNBEKAN@RxVref?6?$AA@ 00013d20     MemoryQpiInit:MemDisplay.obj
 0001:00013b08       ??_C@_06PKAGJPI@RX_DQ?6?$AA@ 00013d28     MemoryQpiInit:MemDisplay.obj
 0001:00013b10       ??_C@_07CKOLCHPC@RX_DQS?6?$AA@ 00013d30     MemoryQpiInit:MemDisplay.obj
 0001:00013b18       ??_C@_0N@JJDFJPBH@?6START_DATA_?$AA@ 00013d38     MemoryQpiInit:MemDisplay.obj
 0001:00013b28       ??_C@_03GOOLIKIF@?$CF3d?$AA@ 00013d48     MemoryQpiInit:MemDisplay.obj
 0001:00013b2c       ??_C@_06JLGHKMEO@?5?5?$CF3d?5?$AA@ 00013d4c     MemoryQpiInit:MemDisplay.obj
 0001:00013b34       ??_C@_07GHIAJMBC@?5?5?5?5?5?5?5?$AA@ 00013d54     MemoryQpiInit:MemDisplay.obj
 0001:00013b3c       ??_C@_0BF@FCJDDDPD@?6START_DATA_RX_VREF?6?$AA@ 00013d5c     MemoryQpiInit:MemDisplay.obj
 0001:00013b54       ??_C@_05DIAANOAI@?5?5?$CF3d?$AA@ 00013d74     MemoryQpiInit:MemDisplay.obj
 0001:00013b5c       ??_C@_0O@POACNMMN@?5?5?5?5?5?5?5?5?5?5?5?5?5?$AA@ 00013d7c     MemoryQpiInit:MemDisplay.obj
 0001:00013b6c       ??_C@_0CK@DFPOECBE@?6LRDIMM_BACKSIDE_TXVREF_TRAINING@ 00013d8c     MemoryQpiInit:MemDisplay.obj
 0001:00013b98       ??_C@_0CO@EFFALHFF@?6LRDIMM_BACKSIDE_TX_DQDELAY_TRAI@ 00013db8     MemoryQpiInit:MemDisplay.obj
 0001:00013bc8       ??_C@_0CP@MOIFPBNA@?6LRDIMM_BACKSIDE_WRITE_CYCLE_TRA@ 00013de8     MemoryQpiInit:MemDisplay.obj
 0001:00013bf8       ??_C@_0DC@CCJMNIDK@?6LRDIMM_BACKSIDE_WRITE_LEVELING_@ 00013e18     MemoryQpiInit:MemDisplay.obj
 0001:00013c2c       ??_C@_0CP@LGGNKGA@?6LRDIMM_BACKSIDE_RX_DQSDELAY_TRA@ 00013e4c     MemoryQpiInit:MemDisplay.obj
 0001:00013c5c       ??_C@_0CM@LNOGJMHL@?6LRDIMM_BACKSIDE_RX_CYCLE_TRAINI@ 00013e7c     MemoryQpiInit:MemDisplay.obj
 0001:00013c88       ??_C@_0CM@MFNBDMPD@?6LRDIMM_BACKSIDE_RX_RCVEN_TRAINI@ 00013ea8     MemoryQpiInit:MemDisplay.obj
 0001:00013cb4       ??_C@_0CK@FOCFCOLC@?6LRDIMM_BACKSIDE_RXVREF_TRAINING@ 00013ed4     MemoryQpiInit:MemDisplay.obj
 0001:00013ce0       ??_C@_0BN@HDJCODJF@STOP_TRAINING_REGISTER_DUMP?6?$AA@ 00013f00     MemoryQpiInit:MemDisplay.obj
 0001:00013d00       ??_C@_0BO@DLKLNFE@START_TRAINING_REGISTER_DUMP?6?$AA@ 00013f20     MemoryQpiInit:MemDisplay.obj
 0001:00013d20       ??_C@_0EL@BHMDMBHG@?7Channel?5?5?5?3?5?$CFd?5?5ddr4Size?5?5?3?5?$CFd?5@ 00013f40     MemoryQpiInit:MemDisplay.obj
 0001:00013d6c       ??_C@_0O@JKCDBBAD@Socket?5?5?3?5?$CFd?6?$AA@ 00013f8c     MemoryQpiInit:MemDisplay.obj
 0001:00013d7c       ??_C@_0BP@BCHDFKBE@?7?7Platform?5DIMM?5Configuration?6?$AA@ 00013f9c     MemoryQpiInit:MemDisplay.obj
 0001:00013da0       ??_C@_0EF@JFDKAIJB@?$FO?$FO?$FO?$FO?$FO?$FO?$FO?$FO?$FO?$FO?$FO?$FO?$FO?$FO?$FO?$FO?$FO?$FO?$FO?$FO?$FO?$FO?$FO?$FO?$FO?$FO?$FO?$FO?$FO?$FO?$FO?$FO@ 00013fc0     MemoryQpiInit:MemDisplay.obj
 0001:00013de8       ??_C@_04GHFDHEKP@?$CF3d?6?$AA@ 00014008     MemoryQpiInit:MemDisplay.obj
 0001:00013df0       ??_C@_04NPOPBDMK@?$CF2d?6?$AA@ 00014010     MemoryQpiInit:MemDisplay.obj
 0001:00013df8       ??_C@_0BD@CMPGLLKF@START_DATA_WR_ODT?6?$AA@ 00014018     MemoryQpiInit:MemDisplay.obj
 0001:00013e0c       ??_C@_0BE@JNOHDMO@START_DATA_NOM_ODT?6?$AA@ 0001402c     MemoryQpiInit:MemDisplay.obj
 0001:00013e20       ??_C@_0BF@DKIEPHC@START_DATA_PARK_ODT?6?$AA@ 00014040     MemoryQpiInit:MemDisplay.obj
 0001:00013e38       ??_C@_0BG@OJMHEIDJ@START_DATA_RX_CTLE_R?6?$AA@ 00014058     MemoryQpiInit:MemDisplay.obj
 0001:00013e50       ??_C@_0BG@PECDIBHO@START_DATA_RX_CTLE_C?6?$AA@ 00014070     MemoryQpiInit:MemDisplay.obj
 0001:00013e68       ??_C@_0BF@FFEAHFAN@START_DATA_TX_IMODE?6?$AA@ 00014088     MemoryQpiInit:MemDisplay.obj
 0001:00013e80       ??_C@_0BC@GNDLDKEE@START_DATA_RX_EQ?6?$AA@ 000140a0     MemoryQpiInit:MemDisplay.obj
 0001:00013e94       ??_C@_0BD@MAGGOKIP@START_DATA_RX_ODT?6?$AA@ 000140b4     MemoryQpiInit:MemDisplay.obj
 0001:00013ea8       ??_C@_0BI@DNLMNGFC@START_DATA_DRAM_DRVSTR?6?$AA@ 000140c8     MemoryQpiInit:MemDisplay.obj
 0001:00013ec0       ??_C@_0BC@OOLAPHO@START_DATA_TX_EQ?6?$AA@ 000140e0     MemoryQpiInit:MemDisplay.obj
 0001:00013ed4       ??_C@_0BD@FIMJBBJM@START_DATA_TX_RON?6?$AA@ 000140f4     MemoryQpiInit:MemDisplay.obj
 0001:00013ee8       ??_C@_03PMGGPEJJ@?$CFd?6?$AA@ 00014108     MemoryQpiInit:MemDisplay.obj
 0001:00013eec       ??_C@_0CI@DDDINHBF@?6START_DATA_CMD_VREF_CENTERING_O@ 0001410c     MemoryQpiInit:MemDisplay.obj
 0001:00013f14       ??_C@_04KNKOCJP@?5SR?$CJ?$AA@ 00014134     MemoryQpiInit:MemDisplay.obj
 0001:00013f1c       ??_C@_04MHBEINLJ@?5DR?$CJ?$AA@ 0001413c     MemoryQpiInit:MemDisplay.obj
 0001:00013f24       ??_C@_04JHANNKCG@?5TR?$CJ?$AA@ 00014144     MemoryQpiInit:MemDisplay.obj
 0001:00013f2c       ??_C@_04KANDCKBE@?5QR?$CJ?$AA@ 0001414c     MemoryQpiInit:MemDisplay.obj
 0001:00013f34       ??_C@_04BABFAKLI@?5OR?$CJ?$AA@ 00014154     MemoryQpiInit:MemDisplay.obj
 0001:00013f3c       ??_C@_03NDEAONJP@?5?5?5?$AA@ 0001415c     MemoryQpiInit:MemDisplay.obj
 0001:00013f40       ??_C@_04BIIONOBL@?5?$CFdH?$AA@ 00014160     MemoryQpiInit:MemDisplay.obj
 0001:00013f48       ??_C@_03EPCHICDI@x?$CFd?$AA@ 00014168     MemoryQpiInit:MemDisplay.obj
 0001:00013f4c       ??_C@_04KGKGFKKC@?$CFdGb?$AA@ 0001416c     MemoryQpiInit:MemDisplay.obj
 0001:00013f54       ??_C@_08PCHEPNDE@?5?5?$CF2dGB?$CI?$AA@ 00014174     MemoryQpiInit:MemDisplay.obj
 0001:00013f60       ??_C@_0BF@KBCAHOB@?5?5?5?5?5?5?5?5?$CF4dGB?5?5?5?5?5?5?$HM?$AA@ 00014180     MemoryQpiInit:MemDisplay.obj
 0001:00013f78       ??_C@_02LKANKAOC@?$DP?5?$AA@ 00014198     MemoryQpiInit:MemDisplay.obj
 0001:00013f7c       ??_C@_02JGFLHMPF@NV?$AA@   0001419c     MemoryQpiInit:MemDisplay.obj
 0001:00013f80       ??_C@_02CNCKMBBD@AL?$AA@   000141a0     MemoryQpiInit:MemDisplay.obj
 0001:00013f84       ??_C@_02GCGLFHNE@AK?$AA@   000141a4     MemoryQpiInit:MemDisplay.obj
 0001:00013f88       ??_C@_02HLHAGGJF@AJ?$AA@   000141a8     MemoryQpiInit:MemDisplay.obj
 0001:00013f8c       ??_C@_02EJEGAEBH@AH?$AA@   000141ac     MemoryQpiInit:MemDisplay.obj
 0001:00013f90       ??_C@_02MONOBINI@AG?$AA@   000141b0     MemoryQpiInit:MemDisplay.obj
 0001:00013f94       ??_C@_02NHMFCJJJ@AF?$AA@   000141b4     MemoryQpiInit:MemDisplay.obj
 0001:00013f98       ??_C@_02PMOIHKFK@AE?$AA@   000141b8     MemoryQpiInit:MemDisplay.obj
 0001:00013f9c       ??_C@_02OFPDELBL@AD?$AA@   000141bc     MemoryQpiInit:MemDisplay.obj
 0001:00013fa0       ??_C@_02KKLCNNNM@AC?$AA@   000141c0     MemoryQpiInit:MemDisplay.obj
 0001:00013fa4       ??_C@_02LDKJOMJN@AB?$AA@   000141c4     MemoryQpiInit:MemDisplay.obj
 0001:00013fa8       ??_C@_02JIIELPFO@AA?$AA@   000141c8     MemoryQpiInit:MemDisplay.obj
 0001:00013fac       ??_C@_02PGFHBHHA@Y?5?$AA@  000141cc     MemoryQpiInit:MemDisplay.obj
 0001:00013fb0       ??_C@_02PMMJDKHK@W?5?$AA@  000141d0     MemoryQpiInit:MemDisplay.obj
 0001:00013fb4       ??_C@_02PPENOOBE@U?5?$AA@  000141d4     MemoryQpiInit:MemDisplay.obj
 0001:00013fb8       ??_C@_02POIPIECD@T?5?$AA@  000141d8     MemoryQpiInit:MemDisplay.obj
 0001:00013fbc       ??_C@_02PKACPIJB@R?5?$AA@  000141dc     MemoryQpiInit:MemDisplay.obj
 0001:00013fc0       ??_C@_02PJIGCMPP@P?5?$AA@  000141e0     MemoryQpiInit:MemDisplay.obj
 0001:00013fc4       ??_C@_02OPDOKCIF@N?5?$AA@  000141e4     MemoryQpiInit:MemDisplay.obj
 0001:00013fc8       ??_C@_02ONHIBMNM@M?5?$AA@  000141e8     MemoryQpiInit:MemDisplay.obj
 0001:00013fcc       ??_C@_02OMLKHGOL@L?5?$AA@  000141ec     MemoryQpiInit:MemDisplay.obj
 0001:00013fd0       ??_C@_02OJPFGAGO@K?5?$AA@  000141f0     MemoryQpiInit:MemDisplay.obj
 0001:00013fd4       ??_C@_02OIDHAKFJ@J?5?$AA@  000141f4     MemoryQpiInit:MemDisplay.obj
 0001:00013fd8       ??_C@_02OLLDNODH@H?5?$AA@  000141f8     MemoryQpiInit:MemDisplay.obj
 0001:00013fdc       ??_C@_02OAOPJJAK@G?5?$AA@  000141fc     MemoryQpiInit:MemDisplay.obj
 0001:00013fe0       ??_C@_02OBCNPDDN@F?5?$AA@  00014200     MemoryQpiInit:MemDisplay.obj
 0001:00013fe4       ??_C@_02ODGLENGE@E?5?$AA@  00014204     MemoryQpiInit:MemDisplay.obj
 0001:00013fe8       ??_C@_02OCKJCHFD@D?5?$AA@  00014208     MemoryQpiInit:MemDisplay.obj
 0001:00013fec       ??_C@_02OHOGDBNG@C?5?$AA@  0001420c     MemoryQpiInit:MemDisplay.obj
 0001:00013ff0       ??_C@_02OGCEFLOB@B?5?$AA@  00014210     MemoryQpiInit:MemDisplay.obj
 0001:00013ff4       ??_C@_02OEGCOFLI@A?5?$AA@  00014214     MemoryQpiInit:MemDisplay.obj
 0001:00013ff8       ??_C@_04NBKJECFH@R?1C?9?$AA@ 00014218     MemoryQpiInit:MemDisplay.obj
 0001:00014000       ??_C@_07HBBJKALJ@RDIMM?5?5?$AA@ 00014220     MemoryQpiInit:MemDisplay.obj
 0001:00014008       ??_C@_07HLNMKJKA@UDIMM?5?5?$AA@ 00014228     MemoryQpiInit:MemDisplay.obj
 0001:00014010       ??_C@_07LGKFBJLA@SODIMM?5?$AA@ 00014230     MemoryQpiInit:MemDisplay.obj
 0001:00014018       ??_C@_07BFDHMHDJ@LRDIMM?5?$AA@ 00014238     MemoryQpiInit:MemDisplay.obj
 0001:00014020       ??_C@_07KDFNOEFH@NVDIMM?5?$AA@ 00014240     MemoryQpiInit:MemDisplay.obj
 0001:00014028       ??_C@_08GFFKJBOF@Unknown?5?$AA@ 00014248     MemoryQpiInit:MemDisplay.obj
 0001:00014034       ??_C@_06EGDJBHKM@?5DDR3?5?$AA@ 00014254     MemoryQpiInit:MemDisplay.obj
 0001:0001403c       ??_C@_06EDHGABCJ@?5DDR4?5?$AA@ 0001425c     MemoryQpiInit:MemDisplay.obj
 0001:00014044       ??_C@_07CDPDPDJD@NVMDIMM?$AA@ 00014264     MemoryQpiInit:MemDisplay.obj
 0001:0001404c       ??_C@_06IGGBFENP@20?$CF02d?$AA@ 0001426c     MemoryQpiInit:MemDisplay.obj
 0001:00014054       ??_C@_0N@OJJGAKIP@?5?5?5?5?5ww?$CF02d?5?$AA@ 00014274     MemoryQpiInit:MemDisplay.obj
 0001:00014064       ??_C@_02DPKJAMEF@?$CFd?$AA@ 00014284     MemoryQpiInit:MemDisplay.obj
 0001:00014068       ??_C@_03CGKDEGPM@?$CFd?9?$AA@ 00014288     MemoryQpiInit:MemDisplay.obj
 0001:0001406c       ??_C@_04MFANEHND@?$DP?$DP?$DP?$DP?$AA@ 0001428c     MemoryQpiInit:MemDisplay.obj
 0001:00014074       ??_C@_04DGKOCEML@?5800?$AA@ 00014294     MemoryQpiInit:MemDisplay.obj
 0001:0001407c       ??_C@_04KOJKLCBG@1000?$AA@ 0001429c     MemoryQpiInit:MemDisplay.obj
 0001:00014084       ??_C@_04OFFGFIGD@1067?$AA@ 000142a4     MemoryQpiInit:MemDisplay.obj
 0001:0001408c       ??_C@_04EJDHKJN@1200?$AA@  000142ac     MemoryQpiInit:MemDisplay.obj
 0001:00014094       ??_C@_04JFEEPAGC@1333?$AA@ 000142b4     MemoryQpiInit:MemDisplay.obj
 0001:0001409c       ??_C@_04CBPICFEB@1400?$AA@ 000142bc     MemoryQpiInit:MemDisplay.obj
 0001:000140a4       ??_C@_04ILPBONMK@1600?$AA@ 000142c4     MemoryQpiInit:MemDisplay.obj
 0001:000140ac       ??_C@_04GLCOJKPJ@1800?$AA@ 000142cc     MemoryQpiInit:MemDisplay.obj
 0001:000140b4       ??_C@_04CAOCHAIM@1867?$AA@ 000142d4     MemoryQpiInit:MemDisplay.obj
 0001:000140bc       ??_C@_04OJDKMIMG@2000?$AA@ 000142dc     MemoryQpiInit:MemDisplay.obj
 0001:000140c4       ??_C@_04HIONECDJ@2133?$AA@ 000142e4     MemoryQpiInit:MemDisplay.obj
 0001:000140cc       ??_C@_04EDDDAAEN@2200?$AA@ 000142ec     MemoryQpiInit:MemDisplay.obj
 0001:000140d4       ??_C@_04GGFIFPJB@2400?$AA@ 000142f4     MemoryQpiInit:MemDisplay.obj
 0001:000140dc       ??_C@_04MMFBJHBK@2600?$AA@ 000142fc     MemoryQpiInit:MemDisplay.obj
 0001:000140e4       ??_C@_04IHJNHNGP@2667?$AA@ 00014304     MemoryQpiInit:MemDisplay.obj
 0001:000140ec       ??_C@_04CMIOOACJ@2800?$AA@ 0001430c     MemoryQpiInit:MemDisplay.obj
 0001:000140f4       ??_C@_04LNFJGKNG@2933?$AA@ 00014314     MemoryQpiInit:MemDisplay.obj
 0001:000140fc       ??_C@_04NEFKOBHG@3000?$AA@ 0001431c     MemoryQpiInit:MemDisplay.obj
 0001:00014104       ??_C@_04HOFDCJPN@3200?$AA@ 00014324     MemoryQpiInit:MemDisplay.obj
 0001:0001410c       ??_C@_02LLHJFGPH@?5?$HM?$AA@ 0001432c     MemoryQpiInit:MemDisplay.obj
 0001:00014110       ??_C@_02HAOIJKIC@?$CFc?$AA@ 00014330     MemoryQpiInit:MemDisplay.obj
 0001:00014114       ??_C@_08CHHOAPID@Agilent?5?$AA@ 00014334     MemoryQpiInit:MemDisplay.obj
 0001:00014120       ??_C@_08BLGIHCAF@Samsung?5?$AA@ 00014340     MemoryQpiInit:MemDisplay.obj
 0001:0001412c       ??_C@_08ILMFLFPN@Elpida?5?5?$AA@ 0001434c     MemoryQpiInit:MemDisplay.obj
 0001:00014138       ??_C@_08CDDKJDFF@?$CF04x?5?5?5?5?$AA@ 00014358     MemoryQpiInit:MemDisplay.obj
 0001:00014144       ??_C@_08PLDEMPOA@Infineon?$AA@ 00014364     MemoryQpiInit:MemDisplay.obj
 0001:00014150       ??_C@_08KGDHKCKB@Kingston?$AA@ 00014370     MemoryQpiInit:MemDisplay.obj
 0001:0001415c       ??_C@_08PPIIMPKN@Hynix?5?5?5?$AA@ 0001437c     MemoryQpiInit:MemDisplay.obj
 0001:00014168       ??_C@_08NKBMLIPA@IDT?5?5?5?5?5?$AA@ 00014388     MemoryQpiInit:MemDisplay.obj
 0001:00014174       ??_C@_08DPLAGJNI@Inphi?5?5?5?$AA@ 00014394     MemoryQpiInit:MemDisplay.obj
 0001:00014180       ??_C@_08ELBPMDP@TI?5?5?5?5?5?5?$AA@ 000143a0     MemoryQpiInit:MemDisplay.obj
 0001:0001418c       ??_C@_08OOGPLJJD@Qimonda?5?$AA@ 000143ac     MemoryQpiInit:MemDisplay.obj
 0001:00014198       ??_C@_08KGPGPJHF@Aeneon?5?5?$AA@ 000143b8     MemoryQpiInit:MemDisplay.obj
 0001:000141a4       ??_C@_08HDEFEDGA@Smart?5?5?5?$AA@ 000143c4     MemoryQpiInit:MemDisplay.obj
 0001:000141b0       ??_C@_08OMGEKKKF@Tek?5?5?5?5?5?$AA@ 000143d0     MemoryQpiInit:MemDisplay.obj
 0001:000141bc       ??_C@_08ENOKGLNB@Nanya?5?5?5?$AA@ 000143dc     MemoryQpiInit:MemDisplay.obj
 0001:000141c8       ??_C@_08NAKOHHOH@NEC?5?5?5?5?5?$AA@ 000143e8     MemoryQpiInit:MemDisplay.obj
 0001:000141d4       ??_C@_08GIGJEMMN@Micron?5?5?$AA@ 000143f4     MemoryQpiInit:MemDisplay.obj
 0001:000141e0       ??_C@_08KNOBHJFH@Montage?5?$AA@ 00014400     MemoryQpiInit:MemDisplay.obj
 0001:000141ec       ??_C@_0L@FMEOCPGI@0x?$CF08x?$CF08x?$AA@ 0001440c     MemoryQpiInit:MemDisplay.obj
 0001:000141f8       ??_C@_07NGHOBEOJ@?5?5?5?5?$CF8d?$AA@ 00014418     MemoryQpiInit:MemDisplay.obj
 0001:00014200       ??_C@_0CD@JJEOAMAK@?6DisplayEye?5time?5?5?5?5?5?5?5?5?5?5?5?5?$CFd?5m@ 00014420     MemoryQpiInit:MemDisplay.obj
 0001:00014224       ??_C@_09ONCEDJEG@?6Cmd?5Eye?6?$AA@ 00014444     MemoryQpiInit:MemDisplay.obj
 0001:00014230       ??_C@_0M@PJALFLHM@?6Write?5Eye?6?$AA@ 00014450     MemoryQpiInit:MemDisplay.obj
 0001:0001423c       ??_C@_0P@OMFNHBAN@?6Read?5?$CIN?$CJ?5Eye?6?$AA@ 0001445c     MemoryQpiInit:MemDisplay.obj
 0001:0001424c       ??_C@_0P@IFGMFCBE@?6Read?5?$CIP?$CJ?5Eye?6?$AA@ 0001446c     MemoryQpiInit:MemDisplay.obj
 0001:0001425c       ??_C@_0L@ILABJAIC@?6Read?5Eye?6?$AA@ 0001447c     MemoryQpiInit:MemDisplay.obj
 0001:00014268       ??_C@_0BC@LAHKEMAM@Cmd?5Eye?5Diagrams?6?$AA@ 00014488     MemoryQpiInit:MemDisplay.obj
 0001:0001427c       ??_C@_0BE@HHPIODCF@Write?5Eye?5Diagrams?6?$AA@ 0001449c     MemoryQpiInit:MemDisplay.obj
 0001:00014290       ??_C@_0BG@LDIHBODN@Read?5Eye?$CIN?$CJ?5Diagrams?6?$AA@ 000144b0     MemoryQpiInit:MemDisplay.obj
 0001:000142a8       ??_C@_0BG@PNGGLEFH@Read?5Eye?$CIP?$CJ?5Diagrams?6?$AA@ 000144c8     MemoryQpiInit:MemDisplay.obj
 0001:000142c0       ??_C@_0BD@OBLFPHBJ@Read?5Eye?5Diagrams?6?$AA@ 000144e0     MemoryQpiInit:MemDisplay.obj
 0001:000142d4       ??_C@_0L@GBNMMME@?6Backside?5?$AA@ 000144f4     MemoryQpiInit:MemDisplay.obj
 0001:000142e0       ??_C@_0BF@OGJHIEIB@STOP_DIMMINFO_TABLE?6?$AA@ 00014500     MemoryQpiInit:MemDisplay.obj
 0001:000142f8       ??_C@_0M@HANIBFDD@RC?5Revision?$AA@ 00014518     MemoryQpiInit:MemDisplay.obj
 0001:00014304       ??_C@_0BB@BFBOLEEC@?5?5?$CF02x?4?$CF02x?4?$CF02x?$AA@ 00014524     MemoryQpiInit:MemDisplay.obj
 0001:00014318       ??_C@_0P@MACBOCEA@CCMRC?5Revision?$AA@ 00014538     MemoryQpiInit:MemDisplay.obj
 0001:00014328       ??_C@_09FJLKBPIM@?5?5?5?51?450V?$AA@ 00014548     MemoryQpiInit:MemDisplay.obj
 0001:00014334       ??_C@_09HKBKICLL@?5?5?5?51?435V?$AA@ 00014554     MemoryQpiInit:MemDisplay.obj
 0001:00014340       ??_C@_09MEGNCHDF@?5?5?5?51?420V?$AA@ 00014560     MemoryQpiInit:MemDisplay.obj
 0001:0001434c       ??_C@_0L@GCPMCONB@?5?5?5?5?$CFd?4?$CFdV?$AA@ 0001456c     MemoryQpiInit:MemDisplay.obj
 0001:00014358       ??_C@_07KHOAKGDC@DDR?5Vdd?$AA@ 00014578     MemoryQpiInit:MemDisplay.obj
 0001:00014360       ??_C@_03PNPHFKDK@?$CFdn?$AA@ 00014580     MemoryQpiInit:MemDisplay.obj
 0001:00014364       ??_C@_0BD@EIMLLOJO@Ch?$CFd?5CL?9RCD?9RP?9CMD?$AA@ 00014584     MemoryQpiInit:MemDisplay.obj
 0001:00014378       ??_C@_07NFANNNEC@UNKNOWN?$AA@ 00014598     MemoryQpiInit:MemDisplay.obj
 0001:00014380       ??_C@_04OJEIMCDG@800?5?$AA@ 000145a0     MemoryQpiInit:MemDisplay.obj
 0001:00014388       ??_C@_04PMENGJCC@1066?$AA@ 000145a8     MemoryQpiInit:MemDisplay.obj
 0001:00014390       ??_C@_07PHOABNCF@?5?5DDR4?9?$AA@ 000145b0     MemoryQpiInit:MemDisplay.obj
 0001:00014398       ??_C@_07PCKPALKA@?5?5DDR3?9?$AA@ 000145b8     MemoryQpiInit:MemDisplay.obj
 0001:000143a0       ??_C@_08OKAEAMGH@DDR?5Freq?$AA@ 000145c0     MemoryQpiInit:MemDisplay.obj
 0001:000143ac       ??_C@_08MKBJEIJN@?5?5?5?5?5N?1A?$AA@ 000145cc     MemoryQpiInit:MemDisplay.obj
 0001:000143b8       ??_C@_08KAJPEBOM@?5?5?5?5?$CFdGB?$AA@ 000145d8     MemoryQpiInit:MemDisplay.obj
 0001:000143c4       ??_C@_0O@IPEBMHAD@Active?5Memory?$AA@ 000145e4     MemoryQpiInit:MemDisplay.obj
 0001:000143d4       ??_C@_09NCNPGKHK@?5?5?5System?$AA@ 000145f4     MemoryQpiInit:MemDisplay.obj
 0001:000143e0       ??_C@_0M@NHOFPMLG@?5?5Socket?5?$CFd?$AA@ 00014600     MemoryQpiInit:MemDisplay.obj
 0001:000143ec       ??_C@_0BG@IFDMHJLA@STOP_SOCKET_?$CFd_TABLE?6?$AA@ 0001460c     MemoryQpiInit:MemDisplay.obj
 0001:00014404       ??_C@_09BBAJENNL@?5?5?5?5RCD?3?5?$AA@ 00014624     MemoryQpiInit:MemDisplay.obj
 0001:00014410       ??_C@_09GJDIDJMH@?5?5?5DRAM?3?5?$AA@ 00014630     MemoryQpiInit:MemDisplay.obj
 0001:0001441c       ??_C@_0BB@KHIEFPLK@?5?5?5Not?5installed?$AA@ 0001463c     MemoryQpiInit:MemDisplay.obj
 0001:00014430       ??_C@_09MFNJCGJO@?5?5?5DIMM?3?5?$AA@ 00014650     MemoryQpiInit:MemDisplay.obj
 0001:0001443c       ??_C@_03IFADCKOJ@?$CFd?$HM?$AA@ 0001465c     MemoryQpiInit:MemDisplay.obj
 0001:00014440       ??_C@_0BA@KJCBLDBD@?5?5?5?5?5Channel?5?$CFd?$AA@ 00014660     MemoryQpiInit:MemDisplay.obj
[...]
 0001:000b6e50       _BiosReadIo                000b7070 f   MemoryQpiInit:BiosSsaCommonConfig.obj
 0001:000b6e98       _BiosWriteIo               000b70b8 f   MemoryQpiInit:BiosSsaCommonConfig.obj
 0001:000b6ee2       _BiosReadPci               000b7102 f   MemoryQpiInit:BiosSsaCommonConfig.obj
 0001:000b6f59       _BiosWritePci              000b7179 f   MemoryQpiInit:BiosSsaCommonConfig.obj
 0001:000b7027       _BiosMalloc                000b7247 f   MemoryQpiInit:BiosSsaCommonConfig.obj
 0001:000b7051       _BiosFree                  000b7271 f   MemoryQpiInit:BiosSsaCommonConfig.obj
 0001:000b7067       _BiosSsaDebugPrint         000b7287 f   MemoryQpiInit:BiosSsaCommonConfig.obj
 0001:000b708a       _BiosWait                  000b72aa f   MemoryQpiInit:BiosSsaCommonConfig.obj
 0001:000b70a0       _BiosSaveToBdat            000b72c0 f   MemoryQpiInit:BiosSsaCommonConfig.obj
 0001:000b717b       _BiosGetTimestamp          000b739b f   MemoryQpiInit:BiosSsaCommonConfig.obj
 0001:000b71c1       _SsaStructAddressLocationsChip 000b73e1 f   MemoryQpiInit:MrcSsaServicesChip.obj
 0001:000b73e0       _QpiEvAutoRecipe           000b7600 f   MemoryQpiInit:QpiEvAutoRecipe.obj
 0001:000b79c2       _BiosServerGet3dsRankPerCsChip 000b7be2 f   MemoryQpiInit:BiosSsaMemoryServerConfigChip.obj
 0001:000b7a13       _BiosServerSetCreditWaitConfigChip 000b7c33 f   MemoryQpiInit:BiosSsaMemoryServerConfigChip.obj
 0001:000b7a56       _BiosServerSetWpqInOrderConfigChip 000b7c76 f   MemoryQpiInit:BiosSsaMemoryServerConfigChip.obj
 0001:000b7a96       _BiosServerSetMultipleWrCreditConfigChip 000b7cb6 f   MemoryQpiInit:BiosSsaMemoryServerConfigChip.obj
 0001:000b7afb       _BiosServerSetDqdbIndexesChip 000b7d1b f   MemoryQpiInit:BiosSsaMemoryServerConfigChip.obj
 0001:000b7b60       _BiosServerSetDqdbEccDataSourceChip 000b7d80 f   MemoryQpiInit:BiosSsaMemoryServerConfigChip.obj
 0001:000b7ba3       _BiosServerSetDqdbUniseqModeChip 000b7dc3 f   MemoryQpiInit:BiosSsaMemoryServerConfigChip.obj
 0001:000b7c0a       _BiosServerSetDqdbUniseqWrSeedChip 000b7e2a f   MemoryQpiInit:BiosSsaMemoryServerConfigChip.obj
 0001:000b7c2f       _BiosServerSetDqdbUniseqRdSeedChip 000b7e4f f   MemoryQpiInit:BiosSsaMemoryServerConfigChip.obj
 0001:000b7c54       _BiosServerGetDqdbUniseqWrSeedChip 000b7e74 f   MemoryQpiInit:BiosSsaMemoryServerConfigChip.obj
 0001:000b7c7b       _BiosServerGetDqdbUniseqRdSeedChip 000b7e9b f   MemoryQpiInit:BiosSsaMemoryServerConfigChip.obj
 0001:000b7ca2       _BiosServerSetDqdbUniseqLmnChip 000b7ec2 f   MemoryQpiInit:BiosSsaMemoryServerConfigChip.obj
 0001:000b7d0b       _BiosServerSetDqdbUniseqLfsrConfigChip 000b7f2b f   MemoryQpiInit:BiosSsaMemoryServerConfigChip.obj
 0001:000b7d56       _BiosServerSetDqdbInvertDcConfigChip 000b7f76 f   MemoryQpiInit:BiosSsaMemoryServerConfigChip.obj
 0001:000b7de6       _BiosServerSetCadbConfigChip 000b8006 f   MemoryQpiInit:BiosSsaMemoryServerConfigChip.obj
 0001:000b7e64       _BiosServerSetCadbUniseqModeChip 000b8084 f   MemoryQpiInit:BiosSsaMemoryServerConfigChip.obj
 0001:000b7ede       _BiosServerSetCadbUniseqSeedChip 000b80fe f   MemoryQpiInit:BiosSsaMemoryServerConfigChip.obj
 0001:000b7f1d       _BiosServerSetCadbUniseqLmnChip 000b813d f   MemoryQpiInit:BiosSsaMemoryServerConfigChip.obj
 0001:000b7f8c       _BiosServerSetDummyReadLmnChip 000b81ac f   MemoryQpiInit:BiosSsaMemoryServerConfigChip.obj
 0001:000b7fec       _BiosServerSetDummyReadBankMaskChip 000b820c f   MemoryQpiInit:BiosSsaMemoryServerConfigChip.obj
 0001:000b805d       _BiosServerSetSubseqConfigChip 000b827d f   MemoryQpiInit:BiosSsaMemoryServerConfigChip.obj
 0001:000b8133       _BiosServerSetSubseqOffsetConfigChip 000b8353 f   MemoryQpiInit:BiosSsaMemoryServerConfigChip.obj
 0001:000b81f7       _BiosServerSetSeqConfigChip 000b8417 f   MemoryQpiInit:BiosSsaMemoryServerConfigChip.obj
 0001:000b82c2       _BiosServerSetLoopCountChip 000b84e2 f   MemoryQpiInit:BiosSsaMemoryServerConfigChip.obj
 0001:000b8325       _BiosServerSetSeqAddrConfigChip 000b8545 f   MemoryQpiInit:BiosSsaMemoryServerConfigChip.obj
 0001:000b8438       _BiosServerSetSeqStartAddrChip 000b8658 f   MemoryQpiInit:BiosSsaMemoryServerConfigChip.obj
 0001:000b84bb       _BiosServerSetSeqWrapAddrChip 000b86db f   MemoryQpiInit:BiosSsaMemoryServerConfigChip.obj
 0001:000b853e       _BiosServerSetSeqAddrIncChip 000b875e f   MemoryQpiInit:BiosSsaMemoryServerConfigChip.obj
 0001:000b861c       _BiosServerSetSeqRankMapChip 000b883c f   MemoryQpiInit:BiosSsaMemoryServerConfigChip.obj
 0001:000b883c       _BiosServerSetSeqRowAddrSwizzleChip 000b8a5c f   MemoryQpiInit:BiosSsaMemoryServerConfigChip.obj
 0001:000b8ad0       _BiosServerGetSeqStateChip 000b8cf0 f   MemoryQpiInit:BiosSsaMemoryServerConfigChip.obj
 0001:000b8d16       _BiosServerSetStopModeChip 000b8f36 f   MemoryQpiInit:BiosSsaMemoryServerConfigChip.obj
 0001:000b8d5c       _BiosServerSetErrorCounterModeChip 000b8f7c f   MemoryQpiInit:BiosSsaMemoryServerConfigChip.obj
 0001:000b8d90       _BiosServerSetLaneValidationMaskChip 000b8fb0 f   MemoryQpiInit:BiosSsaMemoryServerConfigChip.obj
 0001:000b8dda       _BiosServerSetChunkValidationMaskChip 000b8ffa f   MemoryQpiInit:BiosSsaMemoryServerConfigChip.obj
 0001:000b8e16       _BiosServerSetCachelineValidationMaskChip 000b9036 f   MemoryQpiInit:BiosSsaMemoryServerConfigChip.obj
 0001:000b8e52       _BiosServerGetLaneErrorStatusChip 000b9072 f   MemoryQpiInit:BiosSsaMemoryServerConfigChip.obj
 0001:000b8f68       _BiosServerGetChunkErrorStatusChip 000b9188 f   MemoryQpiInit:BiosSsaMemoryServerConfigChip.obj
 0001:000b8f88       _BiosServerGetErrorAddressChip 000b91a8 f   MemoryQpiInit:BiosSsaMemoryServerConfigChip.obj
 0001:000b8fe4       _BiosServerGetErrorCountChip 000b9204 f   MemoryQpiInit:BiosSsaMemoryServerConfigChip.obj
 0001:000b9035       _BiosServerSetDqdbErrorCaptureConfigChip 000b9255 f   MemoryQpiInit:BiosSsaMemoryServerConfigChip.obj
 0001:000b908d       _BiosServerGetDqdbErrorCaptureStatusChip 000b92ad f   MemoryQpiInit:BiosSsaMemoryServerConfigChip.obj
 0001:000b90af       _BiosServerSetLocalTestControlChip 000b92cf f   MemoryQpiInit:BiosSsaMemoryServerConfigChip.obj
 0001:000b9134       _BiosServerSetGlobalTestControlChip 000b9354 f   MemoryQpiInit:BiosSsaMemoryServerConfigChip.obj
 0001:000b9194       _BiosServerGetTestDoneChip 000b93b4 f   MemoryQpiInit:BiosSsaMemoryServerConfigChip.obj
 0001:000b91f4       _BiosServerSetScramblerConfigChip 000b9414 f   MemoryQpiInit:BiosSsaMemoryServerConfigChip.obj
 0001:000b92b2       _BiosServerSetRefreshOverrideChip 000b94d2 f   MemoryQpiInit:BiosSsaMemoryServerConfigChip.obj
 0001:000b9399       _BiosServerSetZQCalOverrideChip 000b95b9 f   MemoryQpiInit:BiosSsaMemoryServerConfigChip.obj
 0001:000b9480       _BiosServerSetOdtOverrideChip 000b96a0 f   MemoryQpiInit:BiosSsaMemoryServerConfigChip.obj
 0001:000b95f0       _BiosServerSetCkeOverrideChip 000b9810 f   MemoryQpiInit:BiosSsaMemoryServerConfigChip.obj
 0001:000b96f1       _SSAIsLrdimmPresent        000b9911 f   MemoryQpiInit:BiosSsaMemoryConfigChip.obj
 0001:000b97a9       _SSAIsDdrtDimmPresent      000b99c9 f   MemoryQpiInit:BiosSsaMemoryConfigChip.obj
 0001:000b9848       _SSAIsRegRev2DimmPresent   000b9a68 f   MemoryQpiInit:BiosSsaMemoryConfigChip.obj
 0001:000b9888       _BiosGetMemTempChip        000b9aa8 f   MemoryQpiInit:BiosSsaMemoryConfigChip.obj
 0001:000b9956       _BiosIoResetChip           000b9b76 f   MemoryQpiInit:BiosSsaMemoryConfigChip.obj
 0001:000b9993       _BiosSetZQCalConfigChip    000b9bb3 f   MemoryQpiInit:BiosSsaMemoryConfigChip.obj
 0001:000b9a5a       _BiosSetRCompUpdateConfigChip 000b9c7a f   MemoryQpiInit:BiosSsaMemoryConfigChip.obj
 0001:000b9aed       _BiosSetPageOpenConfigChip 000b9d0d f   MemoryQpiInit:BiosSsaMemoryConfigChip.obj
 0001:000b9b3a       _BiosInitCpgcChip          000b9d5a f   MemoryQpiInit:BiosSsaMemoryConfigChip.obj
 0001:000b9b7d       _BiosGetMarginParamSpecificityChip 000b9d9d f   MemoryQpiInit:BiosSsaMemoryConfigChip.obj
 0001:000b9c7b       _memcpy                    000b9e9b f   BaseIntrinsicLib:CopyMem.obj
 0001:000b9c80       __aullshr                  000b9ea0 f   BaseIntrinsicLib:MathRShiftU64.obj
 0001:000b9c9f       _memset                    000b9ebf f   AmiMrcIntrinsicLib:MemoryIntrinsics.obj
 0001:000b9cbb       _GetAcpiSleepStateSetupVariable 000b9edb f   OemMemoryQpiInitLib:OemMemoryQpiInit.obj
 0001:000b9d1f       _OemEarlyUncoreInit        000b9f3f f   OemMemoryQpiInitLib:OemMemoryQpiInit.obj
 0001:000b9e05       _setCPLDClk                000ba025 f   OemMemoryQpiInitLib:OemMemoryQpiInit.obj
 0001:000b9e33       _setCPLDData               000ba053 f   OemMemoryQpiInitLib:OemMemoryQpiInit.obj
 0001:000b9e61       _spinloop                  000ba081 f   OemMemoryQpiInitLib:OemMemoryQpiInit.obj
 0001:000b9e7b       _sendCPLDByte              000ba09b f   OemMemoryQpiInitLib:OemMemoryQpiInit.obj
 0001:000b9ecd       _OemGetPlatformSetupValueforIIO 000ba0ed f   OemMemoryQpiInitLib:OemMemoryQpiInit.obj
 0001:000b9ef6       _OemGetPlatformVariableTagPtr 000ba116 f   OemMemoryQpiInitLib:OemMemoryQpiInit.obj
 0001:000b9f52       _OemMemRiserInfo           000ba172 f   OemMemoryQpiInitLib:OemMemoryQpiInit.obj
 0001:000ba2d5       _EnableDisableBatteryBackedOptions 000ba4f5 f   OemMemoryQpiInitLib:OemMemoryQpiInit.obj
 0001:000ba2f6       _SetupADRGPIOs             000ba516 f   OemMemoryQpiInitLib:OemMemoryQpiInit.obj
 0001:000ba3ae       _SetPlatformCPLDMode       000ba5ce f   OemMemoryQpiInitLib:OemMemoryQpiInit.obj
 0001:000ba405       _OemInitStorageFeatures    000ba625 f   OemMemoryQpiInitLib:OemMemoryQpiInit.obj
 0001:000ba48f       _OemCheckCpuChangeDetection 000ba6af f   OemMemoryQpiInitLib:OemMemoryQpiInit.obj
 0001:000ba4f8       _OemPreMemoryInit          000ba718 f   OemMemoryQpiInitLib:OemMemoryQpiInit.obj
 0001:000ba560       _OemInitSerialDebug        000ba780 f   OemMemoryQpiInitLib:OemMemoryQpiInit.obj
 0001:000ba574       _OemSendDramInitDoneCommand 000ba794 f   OemMemoryQpiInitLib:OemMemoryQpiInit.obj
 0001:000ba64e       _ClearSmiAndWake           000ba86e f   OemMemoryQpiInitLib:OemMemoryQpiInit.obj
 0001:000ba6dc       _OemCheckAndHandleResetRequests 000ba8fc f   OemMemoryQpiInitLib:OemMemoryQpiInit.obj
 0001:000ba6ef       _MEBIOSCheckAndHandleResetRequests 000ba90f f   OemMemoryQpiInitLib:OemMemoryQpiInit.obj
 0001:000ba729       _OemGetPlatformType        000ba949 f   OemMemoryQpiInitLib:OemMemoryQpiInit.obj
 0001:000ba73b       _OemGetPlatformRevId       000ba95b f   OemMemoryQpiInitLib:OemMemoryQpiInit.obj
 0001:000ba74d       _OemPublishDataForPost     000ba96d f   OemMemoryQpiInitLib:OemMemoryQpiInit.obj
 0001:000ba752       _OemPlatformSpecificEParam 000ba972 f   OemMemoryQpiInitLib:OemMemoryQpiInit.obj
 0001:000ba752       _DetectSocketPopulatedChangedChip 000ba972 f   MemoryQpiInit:MemStartChip.obj
 0001:000ba752       _DetectIMCEnabledChangeChip 000ba972 f   MemoryQpiInit:MemStartChip.obj
 0001:000ba752       _BiosRestoreDataPointer    000ba972 f   MemoryQpiInit:BiosSsaCommonConfig.obj
 0001:000ba752       _SetAepTrainingModeSMB     000ba972 f   MemoryQpiInit:MemProjectSpecific.obj
 0001:000ba752       _EarlyCmdSignalStop        000ba972 f   MemoryQpiInit:MemProjectSpecific.obj
 0001:000ba752       _SetAepTrainingMode        000ba972 f   MemoryQpiInit:MemProjectSpecific.obj
 0001:000ba755       _OemGetPlatformSetupValueforMRC 000ba975 f   OemMemoryQpiInitLib:OemMemoryQpiInit.obj
 0001:000bb631       _OemGetPlatformSetupValueforQPI 000bb851 f   OemMemoryQpiInitLib:OemMemoryQpiInit.obj
 0001:000bb88e       _OemGetPlatformSetupValue  000bbaae f   OemMemoryQpiInitLib:OemMemoryQpiInit.obj
 0001:000bbefa       _OemInitializePlatformData 000bc11a f   OemMemoryQpiInitLib:OemMemoryQpiInit.obj
 0001:000bc27d       _OemPostMemoryInit         000bc49d f   OemMemoryQpiInitLib:OemMemoryQpiInit.obj
 0001:000bc40f       _SendMemInfoToBMC          000bc62f f   OemMemoryQpiInitLib:EdkMemoryQpiInit.obj
 0001:000bc533       _GetMemoryMap              000bc753 f   OemMemoryQpiInitLib:EdkMemoryQpiInit.obj
 0001:000bd004       _SaveBdatDataToHob         000bd224 f   OemMemoryQpiInitLib:EdkMemoryQpiInit.obj
 0001:000bd08f       _MrcSaveS3RestoreDataToHob 000bd2af f   OemMemoryQpiInitLib:EdkMemoryQpiInit.obj
 0001:000bd0cd       _PublishHobData            000bd2ed f   OemMemoryQpiInitLib:EdkMemoryQpiInit.obj
 0001:000be2d7       _InstallEfiMemory          000be4f7 f   OemMemoryQpiInitLib:EdkMemoryQpiInit.obj
 0001:000be68d       _InstallS3Memory           000be8ad f   OemMemoryQpiInitLib:EdkMemoryQpiInit.obj
 0001:000be9c8       _InternalMemCopyMem        000bebe8 f   BaseMemoryLibRepStr:CopyMem.obj
 0001:000bea04       _InternalMemZeroMem        000bec24 f   BaseMemoryLibRepStr:ZeroMem.obj
 0001:000bea21       _FillBuf                   000bec41 f   MemoryQpiInit:Decompress.obj
 0001:000bea88       _GetBits                   000beca8 f   MemoryQpiInit:Decompress.obj
 0001:000beaa9       _MakeTable                 000becc9 f   MemoryQpiInit:Decompress.obj
 0001:000becf9       _DecodeP                   000bef19 f   MemoryQpiInit:Decompress.obj
 0001:000bed71       _ReadPTLen                 000bef91 f   MemoryQpiInit:Decompress.obj
 0001:000beeaa       _ReadCLen                  000bf0ca f   MemoryQpiInit:Decompress.obj
 0001:000bf023       _DecodeC                   000bf243 f   MemoryQpiInit:Decompress.obj
 0001:000bf0eb       _Decode                    000bf30b f   MemoryQpiInit:Decompress.obj
 0001:000bf172       _Decompress                000bf392 f   MemoryQpiInit:Decompress.obj
 0001:000bf260       _QPIAGENT_PMON_Offset      000bf480     MemoryQpiInit:CpuPciAccess.obj
 0001:000bf268       _QPIAGENT_DFX_PHY_Offset   000bf488     MemoryQpiInit:CpuPciAccess.obj
 0001:000bf270       _QPIAGENT_DFX_COMMON_Offset 000bf490     MemoryQpiInit:CpuPciAccess.obj
 0001:000bf280       _CBO_CFG_Offset            000bf4a0     MemoryQpiInit:CpuPciAccess.obj
 0001:000bf288       _R3QPI_CFG_Offset          000bf4a8     MemoryQpiInit:CpuPciAccess.obj
 0001:000bf298       _MC_MAINEXT_Offset         000bf4b8     MemoryQpiInit:CpuPciAccess.obj
 0001:000bf2a0       _CtlClkPattern0            000bf4c0     MemoryQpiInit:MemCpgc.obj
 0001:000bf310       _BCCX                      000bf530     MemoryQpiInit:MemDdr4Lrdimm.obj
 0001:000bf334       _BCDX                      000bf554     MemoryQpiInit:MemDdr4Lrdimm.obj
 0001:000bf504       _LocalPcdPciExpressBaseAddress 000bf724     BasePciExpressLib:PciExpressLib.obj
 0001:000bf508       _gRT                       000bf728     <common>

 entry point at        0001:0002bc60

 Static symbols

 0001:0002bcc6       _InternalAcpiDelay         0002bee6 f    CIL library: CIL module
 0001:00031a96       _OemVariableGetCurrentBdx  00031cb6 f    CIL library: CIL module
 0001:00039b8e       _GetCpuIndex               00039dae f   MemoryQpiInit:CpuPciAccess.obj
 0001:00039c87       _GetBusNumber              00039ea7 f   MemoryQpiInit:CpuPciAccess.obj
 0001:0007faa6       _CopyVariableListToCache   0007fcc6 f   MemoryQpiInit:ExecuteTargetOnly.obj
 0001:0007fc9f       _SaveResultsToBdat         0007febf f   MemoryQpiInit:ExecuteTargetOnly.obj
 0001:0007fcf3       _EvLoadTool                0007ff13 f   MemoryQpiInit:ExecuteTargetOnly.obj
 0001:0007fd8e       _EvLoadConfig              0007ffae f   MemoryQpiInit:ExecuteTargetOnly.obj
 0001:0008f8b7       _FindRoundTripLatency      0008fad7 f   MemoryQpiInit:MemRecEnable.obj
 0001:0008fe92       _ReceiveEnableInit         000900b2 f   MemoryQpiInit:MemRecEnable.obj
 0001:00091583       _PISettingAdjustment       000917a3 f   MemoryQpiInit:MemRecEnable.obj
 0001:00091722       _FindPiSetting             00091942 f   MemoryQpiInit:MemRecEnable.obj
 0001:000967a4       _WrDqDqsInit               000969c4 f   MemoryQpiInit:MemWrDqDqs.obj
 0001:0009685d       _DqDqsDataCollecting       00096a7d f   MemoryQpiInit:MemWrDqDqs.obj
 0001:00097311       _TxPiSample                00097531 f   MemoryQpiInit:MemWrLeveling.obj
 0001:0009a3b3       _LrdimmMrdInit             0009a5d3 f   MemoryQpiInit:MemDdr4Lrdimm.obj
 0001:0009a535       _LrdimmMwdInit             0009a755 f   MemoryQpiInit:MemDdr4Lrdimm.obj
 0001:0009a693       _MDQReceiveEnablePhaseTraining 0009a8b3 f   MemoryQpiInit:MemDdr4Lrdimm.obj
 0001:0009ad14       _MDQReadDelayTraining      0009af34 f   MemoryQpiInit:MemDdr4Lrdimm.obj
 0001:0009b190       _MDQWriteDelayTraining     0009b3b0 f   MemoryQpiInit:MemDdr4Lrdimm.obj
 0001:0009b9ed       _LrdimmCycleTrainingInit   0009bc0d f   MemoryQpiInit:MemDdr4Lrdimm.obj
 0001:0009bb07       _MDQReceiveEnableCycleTraining 0009bd27 f   MemoryQpiInit:MemDdr4Lrdimm.obj
 0001:0009c627       _DramInterfaceWlTraining   0009c847 f   MemoryQpiInit:MemDdr4Lrdimm.obj
 0001:0009cc78       _MDQCoarseWlTraining       0009ce98 f   MemoryQpiInit:MemDdr4Lrdimm.obj
 0001:0009d697       _RunMprTest                0009d8b7 f   MemoryQpiInit:MemRdDqDqs.obj
 0001:0009dea8       _FindPiCompareResult       0009e0c8 f   MemoryQpiInit:MemRdDqDqs.obj
 0001:000a136c       _MemGetBoxInst             000a158c f   MemoryQpiInit:MemPciAccess.obj
 0001:000a9a24       _AllocateRtidFor8SOr4SCODBdx 000a9c44 f   MemoryQpiInit:QpiCoh.obj
 0001:000ad54c       _ConstructRingTree         000ad76c f   MemoryQpiInit:QpiDisc.obj
 0001:000ad6ef       _CheckForRings             000ad90f f   MemoryQpiInit:QpiDisc.obj
 0001:000ad88f       _ParseRings                000adaaf f   MemoryQpiInit:QpiDisc.obj
 0001:000ad952       _AssignVn                  000adb72 f   MemoryQpiInit:QpiDisc.obj
 0001:000adbee       _TrackPathLoad             000ade0e f   MemoryQpiInit:QpiDisc.obj
 0001:000adcac       _CalculatePathLoad         000adecc f   MemoryQpiInit:QpiDisc.obj
 0001:000add2a       _DetectDeadlock            000adf4a f   MemoryQpiInit:QpiDisc.obj
 0001:000ae185       _CopyTopologyTree          000ae3a5 f   MemoryQpiInit:QpiDisc.obj
 0001:000ae2c6       _SetRootNodeRoute          000ae4e6 f   MemoryQpiInit:QpiDisc.obj
 0001:000ae369       _SetRootNodeFanoutRoute    000ae589 f   MemoryQpiInit:QpiDisc.obj
 0001:000ae3c3       _SetPassThruFanoutRoute    000ae5e3 f   MemoryQpiInit:QpiDisc.obj
 0001:000ae432       _CheckAndDisableRbtUpdate  000ae652 f   MemoryQpiInit:QpiDisc.obj
 0001:000ae6ca       _OptimizeHaFanoutSnoop     000ae8ea f   MemoryQpiInit:QpiDisc.obj
 0001:000ae913       _CheckAndAddNodeToTopologyTree 000aeb33 f   MemoryQpiInit:QpiDisc.obj
 0001:000aea21       _SetupNonBCRoute           000aec41 f   MemoryQpiInit:QpiDisc.obj
 0001:000aecbd       _SetupBCRoute              000aeedd f   MemoryQpiInit:QpiDisc.obj
 0001:000aee46       _ExploreThisNode           000af066 f   MemoryQpiInit:QpiDisc.obj
 0001:000aef37       _CalculateRT               000af157 f   MemoryQpiInit:QpiDisc.obj
 0001:000af15b       _ComputeTopologyTree       000af37b f   MemoryQpiInit:QpiDisc.obj
 0001:000af5d5       _ProgramLateAction         000af7f5 f   MemoryQpiInit:QpiLinks.obj
 0001:000b0383       _DisableLinkForceToLowPower 000b05a3 f   MemoryQpiInit:QpiLinks.obj
 0001:000b0436       _DisableForceToLowPowerAllUnusedLinks 000b0656 f   MemoryQpiInit:QpiLinks.obj
 0001:000b04a1       _GetSocketLinkEparams      000b06c1 f   MemoryQpiInit:QpiLinks.obj
 0001:000b0a6d       _ProgramLinkLayer          000b0c8d f   MemoryQpiInit:QpiLinks.obj
 0001:000b50f8       _SSACalcMinMax             000b5318 f   MemoryQpiInit:BiosSsaMemoryConfig.obj
 0001:000b512b       _SSAPerBitMaskCheck        000b534b f   MemoryQpiInit:BiosSsaMemoryConfig.obj
 0001:000b5192       _SSAGetSetMarginMaxMinOffset 000b53b2 f   MemoryQpiInit:BiosSsaMemoryConfig.obj
 0001:000b6ae4       _EfiGuidCheckAndSave       000b6d04 f   MemoryQpiInit:BiosSsaResultsConfig.obj
 0001:000b71f5       _IsValidStepping           000b7415 f   MemoryQpiInit:QpiEvAutoRecipe.obj
 0001:000b7384       _OverrideUniphyValues      000b75a4 f   MemoryQpiInit:QpiEvAutoRecipe.obj
