 PiSmmCommunicationPei

 Timestamp is 5ae04a72 (Wed Apr 25 17:29:22 2018)

 Preferred load address is 00000000

 Start         Length     Name                   Class
 0001:00000000 00000050H .data                   CODE
 0001:00000050 00000000H .rdata                  CODE
 0001:00000050 00000391H .text                   CODE

  Address         Publics by Value              Rva+Base       Lib:Object

 0001:00000000       _gEfiAcpiVariableGuid      00000200     PiSmmCommunicationPei:AutoGen.obj
 0001:00000010       _gEfiPeiSmmCommunicationPpiGuid 00000210     PiSmmCommunicationPei:AutoGen.obj
 0001:00000020       _gPeiSmmAccessPpiGuid      00000220     PiSmmCommunicationPei:AutoGen.obj
 0001:00000030       _gPeiSmmControlPpiGuid     00000230     PiSmmCommunicationPei:AutoGen.obj
 0001:00000040       _mSmmCommunicationPpi      00000240     PiSmmCommunicationPei:PiSmmCommunicationPei.obj
 0001:00000044       _mPpiList                  00000244     PiSmmCommunicationPei:PiSmmCommunicationPei.obj
 0001:00000050       __ModuleEntryPoint         00000250 f   PeimEntryPoint:PeimEntryPoint.obj
 0001:00000055       _InternalSmstGetVendorTableByGuid 00000255 f   PiSmmCommunicationPei:PiSmmCommunicationPei.obj
 0001:000000de       _InitCommunicationContext  000002de f   PiSmmCommunicationPei:PiSmmCommunicationPei.obj
 0001:0000011b       _Communicate               0000031b f   PiSmmCommunicationPei:PiSmmCommunicationPei.obj
 0001:000001af       _PiSmmCommunicationPeiEntryPoint 000003af f   PiSmmCommunicationPei:PiSmmCommunicationPei.obj
 0001:00000233       _GetHobList                00000433 f   PeiHobLib:HobLib.obj
 0001:0000024d       _GetNextHob                0000044d f   PeiHobLib:HobLib.obj
 0001:0000027a       _GetFirstGuidHob           0000047a f   PeiHobLib:HobLib.obj
 0001:000002b0       _InternalPeiCreateHob      000004b0 f   PeiHobLib:HobLib.obj
 0001:000002d8       _BuildGuidHob              000004d8 f   PeiHobLib:HobLib.obj
 0001:000002f3       _CopyMem                   000004f3 f   BaseMemoryLibRepStr:CopyMemWrapper.obj
 0001:0000030b       _CopyGuid                  0000050b f   BaseMemoryLibRepStr:MemLibGuid.obj
 0001:0000032f       _CompareGuid               0000052f f   BaseMemoryLibRepStr:MemLibGuid.obj
 0001:00000353       _PeiServicesLocatePpi      00000553 f   PeiServicesLib:PeiServicesLib.obj
 0001:0000036e       _GetPeiServicesTablePointer 0000056e f   PeiServicesTablePointerLibIdt:PeiServicesTablePointer.obj
 0001:00000388       _InternalMemCopyMem        00000588 f   BaseMemoryLibRepStr:CopyMem.obj
 0001:000003c4       _InternalMemZeroMem        000005c4 f   BaseMemoryLibRepStr:ZeroMem.obj

 entry point at        0001:00000050

 Static symbols

